Archive member included to satisfy reference by file (symbol)

libmain.a(main.cpp.o)         /home/steven/host-tools/gcc/riscv64-linux-musl-x86_64/bin/../sysroot/usr/lib64v0p7_xthead/lp64d/crt1.o (main)
libsscma-micro.a(ma_engine_cvi.cpp.o)
                              libmain.a(main.cpp.o) (ma::engine::EngineCVI::EngineCVI())
libsscma-micro.a(ma_device_sg200x.cpp.o)
                              libmain.a(main.cpp.o) (ma::Device::getInstance())
libsscma-micro.a(ma_storage_file.cpp.o)
                              libsscma-micro.a(ma_device_sg200x.cpp.o) (ma::StorageFile::StorageFile())
libsscma-micro.a(ma_transport_mqtt.cpp.o)
                              libsscma-micro.a(ma_device_sg200x.cpp.o) (ma::TransportMQTT::TransportMQTT(ma_mqtt_config_t*))
libsscma-micro.a(ma_camera_sg200x.cpp.o)
                              libsscma-micro.a(ma_device_sg200x.cpp.o) (ma::CameraSG200X::CameraSG200X(unsigned long))
libsscma-micro.a(cJSON.c.o)   libsscma-micro.a(ma_storage_file.cpp.o) (cJSON_Delete)
libsscma-micro.a(ma_osal_pthread.cpp.o)
                              libsscma-micro.a(ma_camera_sg200x.cpp.o) (ma::Tick::current())
libsophgo.a(video_paramparse.c.o)
                              libsscma-micro.a(ma_camera_sg200x.cpp.o) (app_ipcam_Param_Load)
libsophgo.a(video_sys.c.o)    libsophgo.a(video_paramparse.c.o) (app_ipcam_Sys_Param_Get)
libsophgo.a(vpss.c.o)         libsophgo.a(video_paramparse.c.o) (app_ipcam_Vpss_Param_Get)
libsophgo.a(video.c.o)        libsscma-micro.a(ma_camera_sg200x.cpp.o) (deinitVideo)
libsophgo.a(sensors.c.o)      libsophgo.a(video_paramparse.c.o) (app_ipcam_SnsObj_Get)
libsophgo.a(venc.c.o)         libsophgo.a(video_paramparse.c.o) (app_ipcam_Venc_Param_Get)
libsophgo.a(vi.c.o)           libsophgo.a(video_paramparse.c.o) (app_ipcam_Vi_Param_Get)
libsophgo.a(app_ipcam_comm.c.o)
                              libsophgo.a(venc.c.o) (GetCurTimeInMsec)
libsophgo.a(app_ipcam_ll.c.o)
                              libsophgo.a(venc.c.o) (app_ipcam_LList_Data_Push)
libsophgo.a(isp.c.o)          libsophgo.a(vi.c.o) (app_ipcam_Vi_Isp_Init)

Discarded input sections

 .note.GNU-stack
                0x0000000000000000        0x0 /home/steven/host-tools/gcc/riscv64-linux-musl-x86_64/bin/../sysroot/usr/lib64v0p7_xthead/lp64d/crt1.o
 .note.GNU-stack
                0x0000000000000000        0x0 /home/steven/host-tools/gcc/riscv64-linux-musl-x86_64/bin/../lib/gcc/riscv64-unknown-linux-musl/10.2.0/lib64v0p7_xthead/lp64d/crtbegin.o
 .note.GNU-stack
                0x0000000000000000        0x0 CMakeFiles/model_detector.dir/dummy.c.o
 .group         0x0000000000000000        0x8 libmain.a(main.cpp.o)
 .group         0x0000000000000000        0xc libmain.a(main.cpp.o)
 .group         0x0000000000000000        0xc libmain.a(main.cpp.o)
 .group         0x0000000000000000        0x8 libmain.a(main.cpp.o)
 .group         0x0000000000000000        0x8 libmain.a(main.cpp.o)
 .group         0x0000000000000000        0x8 libmain.a(main.cpp.o)
 .group         0x0000000000000000        0x8 libmain.a(main.cpp.o)
 .group         0x0000000000000000        0x8 libmain.a(main.cpp.o)
 .group         0x0000000000000000        0x8 libmain.a(main.cpp.o)
 .group         0x0000000000000000        0x8 libmain.a(main.cpp.o)
 .group         0x0000000000000000        0x8 libmain.a(main.cpp.o)
 .group         0x0000000000000000        0x8 libmain.a(main.cpp.o)
 .group         0x0000000000000000        0xc libmain.a(main.cpp.o)
 .group         0x0000000000000000        0xc libmain.a(main.cpp.o)
 .group         0x0000000000000000        0xc libmain.a(main.cpp.o)
 .group         0x0000000000000000        0x8 libmain.a(main.cpp.o)
 .group         0x0000000000000000        0x8 libmain.a(main.cpp.o)
 .group         0x0000000000000000        0xc libmain.a(main.cpp.o)
 .group         0x0000000000000000        0xc libmain.a(main.cpp.o)
 .group         0x0000000000000000        0xc libmain.a(main.cpp.o)
 .group         0x0000000000000000        0x8 libmain.a(main.cpp.o)
 .group         0x0000000000000000        0x8 libmain.a(main.cpp.o)
 .group         0x0000000000000000        0x8 libmain.a(main.cpp.o)
 .group         0x0000000000000000        0xc libmain.a(main.cpp.o)
 .group         0x0000000000000000        0xc libmain.a(main.cpp.o)
 .group         0x0000000000000000        0xc libmain.a(main.cpp.o)
 .group         0x0000000000000000        0xc libmain.a(main.cpp.o)
 .group         0x0000000000000000        0xc libmain.a(main.cpp.o)
 .group         0x0000000000000000        0xc libmain.a(main.cpp.o)
 .group         0x0000000000000000        0xc libmain.a(main.cpp.o)
 .group         0x0000000000000000        0x8 libmain.a(main.cpp.o)
 .group         0x0000000000000000        0x8 libmain.a(main.cpp.o)
 .group         0x0000000000000000        0xc libmain.a(main.cpp.o)
 .group         0x0000000000000000        0x8 libmain.a(main.cpp.o)
 .group         0x0000000000000000        0xc libmain.a(main.cpp.o)
[...]
Memory Configuration

Name             Origin             Length             Attributes
*default*        0x0000000000000000 0xffffffffffffffff

Linker script and memory map

LOAD /home/steven/host-tools/gcc/riscv64-linux-musl-x86_64/bin/../sysroot/usr/lib64v0p7_xthead/lp64d/crt1.o
LOAD /home/steven/host-tools/gcc/riscv64-linux-musl-x86_64/bin/../lib/gcc/riscv64-unknown-linux-musl/10.2.0/lib64v0p7_xthead/lp64d/crti.o
LOAD /home/steven/host-tools/gcc/riscv64-linux-musl-x86_64/bin/../lib/gcc/riscv64-unknown-linux-musl/10.2.0/lib64v0p7_xthead/lp64d/crtbegin.o
LOAD CMakeFiles/model_detector.dir/dummy.c.o
LOAD libmain.a
LOAD libsscma-micro.a
LOAD /home/steven/sg2002_recamera_emmc/buildroot-2021.05/output/cvitek_CV181X_musl_riscv64/host/riscv64-buildroot-linux-musl/sysroot/usr/lib/libmosquitto.so
LOAD /home/steven/sg2002_recamera_emmc/buildroot-2021.05/output/cvitek_CV181X_musl_riscv64/host/riscv64-buildroot-linux-musl/sysroot/usr/lib/libssl.so
LOAD /home/steven/sg2002_recamera_emmc/buildroot-2021.05/output/cvitek_CV181X_musl_riscv64/host/riscv64-buildroot-linux-musl/sysroot/usr/lib/libcrypto.so
LOAD /home/steven/sg2002_recamera_emmc/install/soc_sg2002_recamera_emmc/tpu_musl_riscv64/cvitek_tpu_sdk/lib/libcviruntime.so
LOAD libsophgo.a
LOAD /home/steven/sg2002_recamera_emmc/cvi_mpi/lib/libae.so
LOAD /home/steven/sg2002_recamera_emmc/cvi_mpi/lib/libaf.so
LOAD /home/steven/host-tools/gcc/riscv64-linux-musl-x86_64/bin/../lib/gcc/riscv64-unknown-linux-musl/10.2.0/../../../../riscv64-unknown-linux-musl/lib/../lib64v0p7_xthead/lp64d/libatomic.so
LOAD /home/steven/sg2002_recamera_emmc/cvi_mpi/lib/libawb.so
LOAD /home/steven/sg2002_recamera_emmc/cvi_mpi/lib/libcvi_bin.so
LOAD /home/steven/sg2002_recamera_emmc/cvi_mpi/lib/libcvi_bin_isp.so
LOAD /home/steven/sg2002_recamera_emmc/cvi_mpi/lib/libgdc.so
LOAD /home/steven/sg2002_recamera_emmc/cvi_mpi/lib/libisp.so
LOAD /home/steven/sg2002_recamera_emmc/cvi_mpi/lib/libisp_algo.so
LOAD /home/steven/sg2002_recamera_emmc/cvi_mpi/lib/libsys.so
LOAD /home/steven/sg2002_recamera_emmc/cvi_mpi/lib/libvenc.so
LOAD /home/steven/sg2002_recamera_emmc/cvi_mpi/lib/libvpss.so
LOAD /home/steven/sg2002_recamera_emmc/cvi_mpi/lib/libvi.so
LOAD /home/steven/sg2002_recamera_emmc/cvi_mpi/lib/libvo.so
LOAD /home/steven/sg2002_recamera_emmc/cvi_mpi/lib/libraw_dump.so
LOAD /home/steven/sg2002_recamera_emmc/cvi_mpi/lib/libvdec.so
LOAD /home/steven/sg2002_recamera_emmc/cvi_mpi/lib/librgn.so
LOAD /home/steven/sg2002_recamera_emmc/cvi_mpi/lib/3rd/libini.so
LOAD /home/steven/sg2002_recamera_emmc/cvi_mpi/lib/libcvi_ispd2.so
LOAD /home/steven/sg2002_recamera_emmc/buildroot-2021.05/output/cvitek_CV181X_musl_riscv64/host/riscv64-buildroot-linux-musl/sysroot/usr/lib/libjson-c.so
LOAD /home/steven/sg2002_recamera_emmc/cvi_mpi/lib/libsns_ov5647.so
LOAD /home/steven/sg2002_recamera_emmc/cvi_mpi/lib/libsns_gc2053.so
LOAD /home/steven/sg2002_recamera_emmc/buildroot-2021.05/output/cvitek_CV181X_musl_riscv64/host/riscv64-buildroot-linux-musl/sysroot/usr/lib/libcares.so
LOAD /home/steven/sg2002_recamera_emmc/buildroot-2021.05/output/cvitek_CV181X_musl_riscv64/host/riscv64-buildroot-linux-musl/sysroot/usr/lib/libhv.so
LOAD /home/steven/sg2002_recamera_emmc/cvi_rtsp/install/lib/libcvi_rtsp.so
LOAD libudp_service.a
LOAD /home/steven/host-tools/gcc/riscv64-linux-musl-x86_64/bin/../lib/gcc/riscv64-unknown-linux-musl/10.2.0/../../../../riscv64-unknown-linux-musl/lib/../lib64v0p7_xthead/lp64d/libstdc++.so
LOAD /home/steven/sg2002_recamera_emmc/buildroot-2021.05/output/cvitek_CV181X_musl_riscv64/host/riscv64-buildroot-linux-musl/sysroot/usr/lib/libm.a
LOAD /home/steven/host-tools/gcc/riscv64-linux-musl-x86_64/bin/../lib/gcc/riscv64-unknown-linux-musl/10.2.0/../../../../riscv64-unknown-linux-musl/lib/../lib64v0p7_xthead/lp64d/libgcc_s.so
START GROUP
LOAD /home/steven/host-tools/gcc/riscv64-linux-musl-x86_64/bin/../lib/gcc/riscv64-unknown-linux-musl/10.2.0/../../../../riscv64-unknown-linux-musl/lib/../lib64v0p7_xthead/lp64d/libgcc_s.so.1
LOAD /home/steven/host-tools/gcc/riscv64-linux-musl-x86_64/bin/../lib/gcc/riscv64-unknown-linux-musl/10.2.0/lib64v0p7_xthead/lp64d/libgcc.a
END GROUP
LOAD /home/steven/host-tools/gcc/riscv64-linux-musl-x86_64/bin/../lib/gcc/riscv64-unknown-linux-musl/10.2.0/lib64v0p7_xthead/lp64d/libgcc.a
LOAD /home/steven/sg2002_recamera_emmc/buildroot-2021.05/output/cvitek_CV181X_musl_riscv64/host/riscv64-buildroot-linux-musl/sysroot/usr/lib/libc.so
LOAD /home/steven/host-tools/gcc/riscv64-linux-musl-x86_64/bin/../lib/gcc/riscv64-unknown-linux-musl/10.2.0/../../../../riscv64-unknown-linux-musl/lib/../lib64v0p7_xthead/lp64d/libgcc_s.so
START GROUP
LOAD /home/steven/host-tools/gcc/riscv64-linux-musl-x86_64/bin/../lib/gcc/riscv64-unknown-linux-musl/10.2.0/../../../../riscv64-unknown-linux-musl/lib/../lib64v0p7_xthead/lp64d/libgcc_s.so.1
LOAD /home/steven/host-tools/gcc/riscv64-linux-musl-x86_64/bin/../lib/gcc/riscv64-unknown-linux-musl/10.2.0/lib64v0p7_xthead/lp64d/libgcc.a
END GROUP
LOAD /home/steven/host-tools/gcc/riscv64-linux-musl-x86_64/bin/../lib/gcc/riscv64-unknown-linux-musl/10.2.0/lib64v0p7_xthead/lp64d/libgcc.a
LOAD /home/steven/host-tools/gcc/riscv64-linux-musl-x86_64/bin/../lib/gcc/riscv64-unknown-linux-musl/10.2.0/lib64v0p7_xthead/lp64d/crtend.o
LOAD /home/steven/host-tools/gcc/riscv64-linux-musl-x86_64/bin/../lib/gcc/riscv64-unknown-linux-musl/10.2.0/lib64v0p7_xthead/lp64d/crtn.o
                [!provide]                        PROVIDE (__executable_start = SEGMENT_START ("text-segment", 0x10000))
                0x0000000000010200                . = (SEGMENT_START ("text-segment", 0x10000) + SIZEOF_HEADERS)

.interp         0x0000000000010200       0x25
 *(.interp)
 .interp        0x0000000000010200       0x25 /home/steven/host-tools/gcc/riscv64-linux-musl-x86_64/bin/../sysroot/usr/lib64v0p7_xthead/lp64d/crt1.o

.note.gnu.build-id
 *(.note.gnu.build-id)

.hash           0x0000000000010228     0x16f8
 *(.hash)
 .hash          0x0000000000010228     0x16f8 /home/steven/host-tools/gcc/riscv64-linux-musl-x86_64/bin/../sysroot/usr/lib64v0p7_xthead/lp64d/crt1.o

.gnu.hash       0x0000000000011920     0x1acc
 *(.gnu.hash)
 .gnu.hash      0x0000000000011920     0x1acc /home/steven/host-tools/gcc/riscv64-linux-musl-x86_64/bin/../sysroot/usr/lib64v0p7_xthead/lp64d/crt1.o

.dynsym         0x00000000000133f0     0x58c8
 *(.dynsym)
 .dynsym        0x00000000000133f0     0x58c8 /home/steven/host-tools/gcc/riscv64-linux-musl-x86_64/bin/../sysroot/usr/lib64v0p7_xthead/lp64d/crt1.o

.dynstr         0x0000000000018cb8     0xdaf5
 *(.dynstr)
 .dynstr        0x0000000000018cb8     0xdaf5 /home/steven/host-tools/gcc/riscv64-linux-musl-x86_64/bin/../sysroot/usr/lib64v0p7_xthead/lp64d/crt1.o

.gnu.version    0x00000000000267ae      0x766
 *(.gnu.version)
 .gnu.version   0x00000000000267ae      0x766 /home/steven/host-tools/gcc/riscv64-linux-musl-x86_64/bin/../sysroot/usr/lib64v0p7_xthead/lp64d/crt1.o

.gnu.version_d  0x0000000000026f18        0x0
 *(.gnu.version_d)
 .gnu.version_d
                0x0000000000026f18        0x0 /home/steven/host-tools/gcc/riscv64-linux-musl-x86_64/bin/../sysroot/usr/lib64v0p7_xthead/lp64d/crt1.o

.gnu.version_r  0x0000000000026f18       0xf0
 *(.gnu.version_r)
 .gnu.version_r
                0x0000000000026f18       0xf0 /home/steven/host-tools/gcc/riscv64-linux-musl-x86_64/bin/../sysroot/usr/lib64v0p7_xthead/lp64d/crt1.o

.rela.dyn       0x0000000000027008     0x3e88
 *(.rela.init)
 *(.rela.text .rela.text.* .rela.gnu.linkonce.t.*)
 .rela.text     0x0000000000027008        0x0 /home/steven/host-tools/gcc/riscv64-linux-musl-x86_64/bin/../sysroot/usr/lib64v0p7_xthead/lp64d/crt1.o
 .rela.text._start_c
                0x0000000000027008        0x0 /home/steven/host-tools/gcc/riscv64-linux-musl-x86_64/bin/../sysroot/usr/lib64v0p7_xthead/lp64d/crt1.o
 *(.rela.fini)
 *(.rela.rodata .rela.rodata.* .rela.gnu.linkonce.r.*)
 *(.rela.data .rela.data.* .rela.gnu.linkonce.d.*)
 .rela.data.rel.ro
                0x0000000000027008        0x0 /home/steven/host-tools/gcc/riscv64-linux-musl-x86_64/bin/../sysroot/usr/lib64v0p7_xthead/lp64d/crt1.o
 .rela.data.rel.local.DW.ref.__gxx_personality_v0
                0x0000000000027008        0x0 /home/steven/host-tools/gcc/riscv64-linux-musl-x86_64/bin/../sysroot/usr/lib64v0p7_xthead/lp64d/crt1.o
 .rela.data.rel.ro._ZTVN2ma6engine9EngineCVIE
                0x0000000000027008        0x0 /home/steven/host-tools/gcc/riscv64-linux-musl-x86_64/bin/../sysroot/usr/lib64v0p7_xthead/lp64d/crt1.o
 .rela.data.rel.ro._ZTVN2ma6engine6EngineE
                0x0000000000027008        0x0 /home/steven/host-tools/gcc/riscv64-linux-musl-x86_64/bin/../sysroot/usr/lib64v0p7_xthead/lp64d/crt1.o
 .rela.data.rel.ro._ZTIN2ma6engine9EngineCVIE
                0x0000000000027008       0x18 /home/steven/host-tools/gcc/riscv64-linux-musl-x86_64/bin/../sysroot/usr/lib64v0p7_xthead/lp64d/crt1.o
 .rela.data.rel.ro._ZTIN2ma6engine6EngineE
                0x0000000000027020       0x18 /home/steven/host-tools/gcc/riscv64-linux-musl-x86_64/bin/../sysroot/usr/lib64v0p7_xthead/lp64d/crt1.o
 .rela.data.rel.ro._ZTVN2ma11StorageFileE
                0x0000000000027038        0x0 /home/steven/host-tools/gcc/riscv64-linux-musl-x86_64/bin/../sysroot/usr/lib64v0p7_xthead/lp64d/crt1.o
 .rela.data.rel.ro._ZTVN2ma7StorageE
                0x0000000000027038        0x0 /home/steven/host-tools/gcc/riscv64-linux-musl-x86_64/bin/../sysroot/usr/lib64v0p7_xthead/lp64d/crt1.o
 .rela.data.rel.ro._ZTIN2ma11StorageFileE
                0x0000000000027038       0x18 /home/steven/host-tools/gcc/riscv64-linux-musl-x86_64/bin/../sysroot/usr/lib64v0p7_xthead/lp64d/crt1.o
 .rela.data.rel.ro._ZTIN2ma7StorageE
                0x0000000000027050       0x18 /home/steven/host-tools/gcc/riscv64-linux-musl-x86_64/bin/../sysroot/usr/lib64v0p7_xthead/lp64d/crt1.o
 .rela.data.rel.ro._ZTVN2ma13TransportMQTTE
                0x0000000000027068        0x0 /home/steven/host-tools/gcc/riscv64-linux-musl-x86_64/bin/../sysroot/usr/lib64v0p7_xthead/lp64d/crt1.o
 .rela.data.rel.ro._ZTVN2ma9TransportE
                0x0000000000027068        0x0 /home/steven/host-tools/gcc/riscv64-linux-musl-x86_64/bin/../sysroot/usr/lib64v0p7_xthead/lp64d/crt1.o
 .rela.data.rel.ro._ZTIN2ma13TransportMQTTE
                0x0000000000027068       0x18 /home/steven/host-tools/gcc/riscv64-linux-musl-x86_64/bin/../sysroot/usr/lib64v0p7_xthead/lp64d/crt1.o
 .rela.data.rel.ro._ZTIN2ma9TransportE
                0x0000000000027080       0x18 /home/steven/host-tools/gcc/riscv64-linux-musl-x86_64/bin/../sysroot/usr/lib64v0p7_xthead/lp64d/crt1.o
 .rela.data.rel.ro._ZTVN2ma12CameraSG200XE
                0x0000000000027098        0x0 /home/steven/host-tools/gcc/riscv64-linux-musl-x86_64/bin/../sysroot/usr/lib64v0p7_xthead/lp64d/crt1.o
 .rela.data.rel.ro._ZTVN2ma6CameraE
                0x0000000000027098        0x0 /home/steven/host-tools/gcc/riscv64-linux-musl-x86_64/bin/../sysroot/usr/lib64v0p7_xthead/lp64d/crt1.o
 .rela.data.rel.ro._ZTVN2ma6SensorE
                0x0000000000027098        0x0 /home/steven/host-tools/gcc/riscv64-linux-musl-x86_64/bin/../sysroot/usr/lib64v0p7_xthead/lp64d/crt1.o
 .rela.data.rel.ro._ZTIN2ma12CameraSG200XE
                0x0000000000027098       0x18 /home/steven/host-tools/gcc/riscv64-linux-musl-x86_64/bin/../sysroot/usr/lib64v0p7_xthead/lp64d/crt1.o
 .rela.data.rel.ro._ZTIN2ma6CameraE
                0x00000000000270b0       0x18 /home/steven/host-tools/gcc/riscv64-linux-musl-x86_64/bin/../sysroot/usr/lib64v0p7_xthead/lp64d/crt1.o
 .rela.data.rel.ro._ZTIN2ma6SensorE
                0x00000000000270c8       0x18 /home/steven/host-tools/gcc/riscv64-linux-musl-x86_64/bin/../sysroot/usr/lib64v0p7_xthead/lp64d/crt1.o
 .rela.data.rel
                0x00000000000270e0        0x0 /home/steven/host-tools/gcc/riscv64-linux-musl-x86_64/bin/../sysroot/usr/lib64v0p7_xthead/lp64d/crt1.o
 .rela.data.rel.ro._ZTVN2ma6ThreadE
                0x00000000000270e0        0x0 /home/steven/host-tools/gcc/riscv64-linux-musl-x86_64/bin/../sysroot/usr/lib64v0p7_xthead/lp64d/crt1.o
 .rela.data.rel.ro._ZTIN2ma6ThreadE
                0x00000000000270e0       0x18 /home/steven/host-tools/gcc/riscv64-linux-musl-x86_64/bin/../sysroot/usr/lib64v0p7_xthead/lp64d/crt1.o
 *(.rela.tdata .rela.tdata.* .rela.gnu.linkonce.td.*)
 *(.rela.tbss .rela.tbss.* .rela.gnu.linkonce.tb.*)
 *(.rela.ctors)
 *(.rela.dtors)
 *(.rela.got)
 .rela.got      0x00000000000270f8     0x3d98 /home/steven/host-tools/gcc/riscv64-linux-musl-x86_64/bin/../sysroot/usr/lib64v0p7_xthead/lp64d/crt1.o
 *(.rela.sdata .rela.sdata.* .rela.gnu.linkonce.s.*)
 *(.rela.sbss .rela.sbss.* .rela.gnu.linkonce.sb.*)
 *(.rela.sdata2 .rela.sdata2.* .rela.gnu.linkonce.s2.*)
 *(.rela.sbss2 .rela.sbss2.* .rela.gnu.linkonce.sb2.*)
 *(.rela.bss .rela.bss.* .rela.gnu.linkonce.b.*)
 .rela.bss      0x000000000002ae90        0x0 /home/steven/host-tools/gcc/riscv64-linux-musl-x86_64/bin/../sysroot/usr/lib64v0p7_xthead/lp64d/crt1.o
                [!provide]                        PROVIDE (__rela_iplt_start = .)
 *(.rela.iplt)
                [!provide]                        PROVIDE (__rela_iplt_end = .)

.rela.plt       0x000000000002ae90     0x1a88
 *(.rela.plt)
 .rela.plt      0x000000000002ae90     0x1a88 /home/steven/host-tools/gcc/riscv64-linux-musl-x86_64/bin/../sysroot/usr/lib64v0p7_xthead/lp64d/crt1.o

.init
 *(SORT_NONE(.init))

.plt            0x000000000002c920     0x11d0
 *(.plt)
 .plt           0x000000000002c920     0x11d0 /home/steven/host-tools/gcc/riscv64-linux-musl-x86_64/bin/../sysroot/usr/lib64v0p7_xthead/lp64d/crt1.o
                0x000000000002c920                _PROCEDURE_LINKAGE_TABLE_
                0x000000000002c940                operator new[](unsigned long)@@GLIBCXX_3.4
                0x000000000002c950                pthread_cond_signal
                0x000000000002c960                __register_frame_info@@GLIBC_2.0
                0x000000000002c970                pthread_attr_setschedpolicy
                0x000000000002c980                CVI_AWB_UnRegister
                0x000000000002c990                CVI_VPSS_ReleaseChnFrame
                0x000000000002c9a0                CVI_SYS_Init
                0x000000000002c9b0                std::chrono::_V2::system_clock::now()@@GLIBCXX_3.4.19
                0x000000000002c9c0                __libc_start_main
                0x000000000002c9d0                signal
                0x000000000002c9e0                strncpy
                0x000000000002c9f0                CVI_VENC_SendFrame
                0x000000000002ca00                ftell
                0x000000000002ca10                std::_Rb_tree_insert_and_rebalance(bool, std::_Rb_tree_node_base*, std::_Rb_tree_node_base*, std::_Rb_tree_node_base&)@@GLIBCXX_3.4
                0x000000000002ca20                strlen
                0x000000000002ca30                std::allocator<char>::~allocator()@@GLIBCXX_3.4
                0x000000000002ca40                select
                0x000000000002ca50                atof
                0x000000000002ca60                printf
                0x000000000002ca70                CVI_VB_Exit
                0x000000000002ca80                CVI_VB_Init
                0x000000000002ca90                CVI_SYS_Munmap
                0x000000000002caa0                __gnu_cxx::__atomic_add(int volatile*, int)@@GLIBCXX_3.4
                0x000000000002cab0                CVI_VI_CreatePipe
                0x000000000002cac0                std::basic_ifstream<char, std::char_traits<char> >::close()@@GLIBCXX_3.4
                0x000000000002cad0                std::ostream::operator<<(std::basic_streambuf<char, std::char_traits<char> >*)@@GLIBCXX_3.4
                0x000000000002cae0                mosquitto_connect_callback_set@@MOSQ_1.0
                0x000000000002caf0                free
                0x000000000002cb00                __gnu_cxx::__exchange_and_add(int volatile*, int)@@GLIBCXX_3.4
                0x000000000002cb10                abort
                0x000000000002cb20                memmove
                0x000000000002cb30                std::basic_ifstream<char, std::char_traits<char> >::~basic_ifstream()@@GLIBCXX_3.4
                0x000000000002cb40                std::filesystem::__cxx11::path::_List::_Impl_deleter::operator()(std::filesystem::__cxx11::path::_List::_Impl*) const@@GLIBCXX_3.4.26
                0x000000000002cb50                std::filesystem::__cxx11::path::_List::_List()@@GLIBCXX_3.4.26
                0x000000000002cb60                pthread_mutexattr_destroy
                0x000000000002cb70                CVI_VPSS_StopGrp
                0x000000000002cb80                pthread_mutex_init
                0x000000000002cb90                CVI_VENC_GetRcParam
                0x000000000002cba0                std::filesystem::__cxx11::directory_iterator::operator++()@@GLIBCXX_3.4.26
                0x000000000002cbb0                CVI_AE_Register
                0x000000000002cbc0                pthread_create
                0x000000000002cbd0                std::__throw_bad_alloc()@@GLIBCXX_3.4
                0x000000000002cbe0                std::__throw_bad_function_call()@@GLIBCXX_3.4.14
                0x000000000002cbf0                std::filesystem::status(std::filesystem::__cxx11::path const&)@@GLIBCXX_3.4.26
                0x000000000002cc00                std::__cxx11::basic_string<char, std::char_traits<char>, std::allocator<char> >::__sv_wrapper::__sv_wrapper(std::basic_string_view<char, std::char_traits<char> >)@@GLIBCXX_3.4.26
                0x000000000002cc10                std::__shared_ptr<std::filesystem::__cxx11::_Dir, (__gnu_cxx::_Lock_policy)1>::__shared_ptr(std::__shared_ptr<std::filesystem::__cxx11::_Dir, (__gnu_cxx::_Lock_policy)1>&&)@@GLIBCXX_3.4.26
                0x000000000002cc20                CVI_ISP_Init
                0x000000000002cc30                __cxa_begin_catch@@CXXABI_1.3
                0x000000000002cc40                std::__cxx11::basic_string<char, std::char_traits<char>, std::allocator<char> >::c_str() const@@GLIBCXX_3.4.21
                0x000000000002cc50                std::filesystem::__cxx11::path::_M_find_extension() const@@GLIBCXX_3.4.26
                0x000000000002cc60                CVI_VENC_DestroyChn
                0x000000000002cc70                CVI_VI_StartPipe
                0x000000000002cc80                sched_yield
                0x000000000002cc90                std::__cxx11::basic_string<char, std::char_traits<char>, std::allocator<char> >::basic_string(std::__cxx11::basic_string<char, std::char_traits<char>, std::allocator<char> > const&)@@GLIBCXX_3.4.21
                0x000000000002cca0                pthread_cond_broadcast
                0x000000000002ccb0                __deregister_frame_info@@GLIBC_2.0
                0x000000000002ccc0                std::__cxx11::basic_string<char, std::char_traits<char>, std::allocator<char> >::back() const@@GLIBCXX_3.4.21
                0x000000000002ccd0                CVI_NN_TensorQuantScale
                0x000000000002cce0                puts
                0x000000000002ccf0                pthread_cond_destroy
                0x000000000002cd00                CVI_NN_Forward
                0x000000000002cd10                CVI_VENC_SetH264Trans
                0x000000000002cd20                pthread_setcanceltype
                0x000000000002cd30                CVI_MIPI_SetSensorReset
                0x000000000002cd40                pthread_self
                0x000000000002cd50                CVI_VENC_GetFrameLostStrategy
                0x000000000002cd60                mosquitto_message_callback_set@@MOSQ_1.0
                0x000000000002cd70                syslog
                0x000000000002cd80                std::__throw_length_error(char const*)@@GLIBCXX_3.4
                0x000000000002cd90                mosquitto_new@@MOSQ_1.0
                0x000000000002cda0                CVI_ISP_SetPubAttr
                0x000000000002cdb0                pthread_condattr_init
                0x000000000002cdc0                CVI_ISP_Run
                0x000000000002cdd0                std::__cxx11::basic_string<char, std::char_traits<char>, std::allocator<char> >::basic_string(std::__cxx11::basic_string<char, std::char_traits<char>, std::allocator<char> >&&)@@GLIBCXX_3.4.21
                0x000000000002cde0                CVI_VI_GetDevAttr
                0x000000000002cdf0                snprintf
                0x000000000002ce00                CVI_VENC_GetH265Vui
                0x000000000002ce10                sscanf
                0x000000000002ce20                CVI_VENC_GetFd
                0x000000000002ce30                std::__cxx11::basic_string<char, std::char_traits<char>, std::allocator<char> >::~basic_string()@@GLIBCXX_3.4.21
                0x000000000002ce40                CVI_NN_TensorShape
                0x000000000002ce50                CVI_NN_TensorName
                0x000000000002ce60                std::filesystem::__cxx11::path::_List::end() const@@GLIBCXX_3.4.26
                0x000000000002ce70                mosquitto_username_pw_set@@MOSQ_1.0
                0x000000000002ce80                __cxa_guard_release@@CXXABI_1.3
                0x000000000002ce90                fread
                0x000000000002cea0                strcmp
                0x000000000002ceb0                std::__cxx11::basic_string<char, std::char_traits<char>, std::allocator<char> >::_M_set_length(unsigned long)@@GLIBCXX_3.4.21
                0x000000000002cec0                std::_Rb_tree_increment(std::_Rb_tree_node_base*)@@GLIBCXX_3.4
                0x000000000002ced0                std::__cxx11::basic_string<char, std::char_traits<char>, std::allocator<char> >::size() const@@GLIBCXX_3.4.21
                0x000000000002cee0                std::__cxx11::basic_stringstream<char, std::char_traits<char>, std::allocator<char> >::basic_stringstream()@@GLIBCXX_3.4.26
                0x000000000002cef0                std::__throw_logic_error(char const*)@@GLIBCXX_3.4
                0x000000000002cf00                _fini
                0x000000000002cf10                CVI_VI_DisableDev
                0x000000000002cf20                CVI_NN_RegisterModel
                0x000000000002cf30                CVI_VI_EnableDev
                0x000000000002cf40                pthread_mutex_unlock
                0x000000000002cf50                std::__cxx11::basic_stringstream<char, std::char_traits<char>, std::allocator<char> >::~basic_stringstream()@@GLIBCXX_3.4.21
                0x000000000002cf60                CVI_VI_DisableChn
                0x000000000002cf70                pthread_mutex_trylock
                0x000000000002cf80                CVI_VENC_SetH264Entropy
                0x000000000002cf90                __assert_fail
                0x000000000002cfa0                std::filesystem::__cxx11::path::_M_split_cmpts()@@GLIBCXX_3.4.26
                0x000000000002cfb0                pthread_condattr_setclock
                0x000000000002cfc0                mosquitto_loop_stop@@MOSQ_1.0
                0x000000000002cfd0                std::__cxx11::basic_string<char, std::char_traits<char>, std::allocator<char> >::_M_local_data()@@GLIBCXX_3.4.21
                0x000000000002cfe0                CVI_VENC_GetRoiAttr
                0x000000000002cff0                pthread_attr_init
                0x000000000002d000                memset
                0x000000000002d010                CVI_VPSS_ResetGrp
                0x000000000002d020                mosquitto_loop_start@@MOSQ_1.0
                0x000000000002d030                std::__cxx11::basic_string<char, std::char_traits<char>, std::allocator<char> >::_M_data(char*)@@GLIBCXX_3.4.21
                0x000000000002d040                tolower
                0x000000000002d050                CVI_VPSS_SetChnAttr
                0x000000000002d060                CVI_SYS_SetVIVPSSMode
                0x000000000002d070                CVI_MIPI_SetSensorClock
                0x000000000002d080                CVI_VENC_SetFrameLostStrategy
                0x000000000002d090                CVI_VPSS_CreateGrp
                0x000000000002d0a0                fopen
                0x000000000002d0b0                pthread_cond_init
                0x000000000002d0c0                strcpy
                0x000000000002d0d0                CVI_ISP_MemInit
                0x000000000002d0e0                __errno_location
                0x000000000002d0f0                std::filesystem::__cxx11::path::compare(std::filesystem::__cxx11::path const&) const@@GLIBCXX_3.4.26
                0x000000000002d100                CVI_SYS_SetVPSSModeEx
                0x000000000002d110                std::__cxx11::basic_string<char, std::char_traits<char>, std::allocator<char> >::operator+=(char const*)@@GLIBCXX_3.4.21
                0x000000000002d120                CVI_VENC_ReleaseStream
                0x000000000002d130                pthread_mutex_lock
                0x000000000002d140                std::__cxx11::basic_stringstream<char, std::char_traits<char>, std::allocator<char> >::str() const@@GLIBCXX_3.4.21
                0x000000000002d150                std::basic_ostream<char, std::char_traits<char> >& std::operator<< <std::char_traits<char> >(std::basic_ostream<char, std::char_traits<char> >&, char const*)@@GLIBCXX_3.4
                0x000000000002d160                operator new(unsigned long)@@GLIBCXX_3.4
                0x000000000002d170                CVI_VI_StopPipe
                0x000000000002d180                CVI_VENC_GetStream
                0x000000000002d190                CVI_SYS_Bind
                0x000000000002d1a0                memcmp
                0x000000000002d1b0                fseek
                0x000000000002d1c0                operator delete(void*, unsigned long)@@CXXABI_1.3.9
                0x000000000002d1d0                std::__cxx11::basic_string<char, std::char_traits<char>, std::allocator<char> >::substr(unsigned long, unsigned long) const@@GLIBCXX_3.4.21
                0x000000000002d1e0                std::_Rb_tree_decrement(std::_Rb_tree_node_base*)@@GLIBCXX_3.4
                0x000000000002d1f0                std::__cxx11::basic_string<char, std::char_traits<char>, std::allocator<char> >::_Alloc_hider::_Alloc_hider(char*, std::allocator<char> const&)@@GLIBCXX_3.4.21
                0x000000000002d200                CVI_ISP_GetPubAttr
                0x000000000002d210                CVI_VI_SetChnAttr
                0x000000000002d220                CVI_VI_DestroyPipe
                0x000000000002d230                std::allocator<char>::~allocator()@@GLIBCXX_3.4
                0x000000000002d240                pthread_equal
                0x000000000002d250                std::__cxx11::basic_string<char, std::char_traits<char>, std::allocator<char> >::_M_data() const@@GLIBCXX_3.4.21
                0x000000000002d260                pthread_condattr_destroy
                0x000000000002d270                operator new(unsigned long, std::align_val_t)@@CXXABI_1.3.11
                0x000000000002d280                CVI_MIPI_SetMipiReset
                0x000000000002d290                CVI_VB_SetConfig
                0x000000000002d2a0                std::__cxx11::basic_string<char, std::char_traits<char>, std::allocator<char> >::_S_copy_chars(char*, char const*, char const*)@@GLIBCXX_3.4.21
                0x000000000002d2b0                CVI_VI_GetChnFlipMirror
                0x000000000002d2c0                _init
                0x000000000002d2d0                CVI_VI_SetDevAttr
                0x000000000002d2e0                CVI_VENC_SetJpegParam
                0x000000000002d2f0                std::__cxx11::basic_string<char, std::char_traits<char>, std::allocator<char> >::basic_string(char const*, unsigned long, std::allocator<char> const&)@@GLIBCXX_3.4.21
                0x000000000002d300                strtod
                0x000000000002d310                pthread_mutex_destroy
                0x000000000002d320                CVI_VI_SetDevNum
                0x000000000002d330                rewind
                0x000000000002d340                CVI_AWB_Register
                0x000000000002d350                CVI_ISP_SetStatisticsConfig
                0x000000000002d360                malloc
                0x000000000002d370                gettimeofday
                0x000000000002d380                CVI_ISP_QueryExposureInfo
                0x000000000002d390                nanosleep
                0x000000000002d3a0                CVI_VI_RegChnFlipMirrorCallBack
                0x000000000002d3b0                mosquitto_lib_cleanup@@MOSQ_1.0
                0x000000000002d3c0                pthread_once
                0x000000000002d3d0                mosquitto_reconnect_delay_set@@MOSQ_1.2
                0x000000000002d3e0                std::__cxx11::basic_string<char, std::char_traits<char>, std::allocator<char> >::operator=(std::__cxx11::basic_string<char, std::char_traits<char>, std::allocator<char> >&&)@@GLIBCXX_3.4.21
                0x000000000002d3f0                CVI_ISP_SetBindAttr
                0x000000000002d400                __cxa_atexit
                0x000000000002d410                CVI_VPSS_GetChnFrame
                0x000000000002d420                std::__cxx11::basic_string<char, std::char_traits<char>, std::allocator<char> >::_M_dispose()@@GLIBCXX_3.4.21
                0x000000000002d430                pthread_cond_wait
                0x000000000002d440                CVI_SYS_VI_Open
                0x000000000002d450                std::istream::read(char*, long)@@GLIBCXX_3.4
                0x000000000002d460                CVI_MIPI_SetClkEdge
                0x000000000002d470                memcpy
                0x000000000002d480                CVI_VI_SetChnFlipMirror
                0x000000000002d490                usleep
                0x000000000002d4a0                operator delete[](void*)@@GLIBCXX_3.4
                0x000000000002d4b0                std::__cxx11::basic_string<char, std::char_traits<char>, std::allocator<char> >::data() const@@GLIBCXX_3.4.21
                0x000000000002d4c0                mosquitto_lib_init@@MOSQ_1.0
                0x000000000002d4d0                std::__cxx11::basic_string<char, std::char_traits<char>, std::allocator<char> >::find(char, unsigned long) const@@GLIBCXX_3.4.21
                0x000000000002d4e0                CVI_SYS_Mmap
                0x000000000002d4f0                CVI_VENC_ResetChn
                0x000000000002d500                std::filesystem::file_size(std::filesystem::__cxx11::path const&)@@GLIBCXX_3.4.26
                0x000000000002d510                CVI_AE_UnRegister
                0x000000000002d520                CVI_VPSS_StartGrp
                0x000000000002d530                clock_nanosleep
                0x000000000002d540                std::istream::seekg(long, std::_Ios_Seekdir)@@GLIBCXX_3.4
                0x000000000002d550                std::__cxx11::basic_string<char, std::char_traits<char>, std::allocator<char> >::operator=(char const*)@@GLIBCXX_3.4.21
                0x000000000002d560                CVI_VENC_SetRcParam
                0x000000000002d570                std::__cxx11::basic_string<char, std::char_traits<char>, std::allocator<char> >::basic_string()@@GLIBCXX_3.4.21
                0x000000000002d580                clock_gettime
                0x000000000002d590                std::basic_ofstream<char, std::char_traits<char> >::close()@@GLIBCXX_3.4
                0x000000000002d5a0                CVI_VENC_SetH265Vui
                0x000000000002d5b0                CVI_NN_TensorQuantZeroPoint
                0x000000000002d5c0                CVI_VPSS_DestroyGrp
                0x000000000002d5d0                __cxa_rethrow@@CXXABI_1.3
                0x000000000002d5e0                std::__cxx11::basic_string<char, std::char_traits<char>, std::allocator<char> >::_S_to_string_view(std::basic_string_view<char, std::char_traits<char> >)@@GLIBCXX_3.4.26
                0x000000000002d5f0                std::basic_ofstream<char, std::char_traits<char> >::~basic_ofstream()@@GLIBCXX_3.4
                0x000000000002d600                pthread_cond_timedwait
                0x000000000002d610                mosquitto_destroy@@MOSQ_1.0
                0x000000000002d620                std::__cxx11::basic_string<char, std::char_traits<char>, std::allocator<char> >::length() const@@GLIBCXX_3.4.21
                0x000000000002d630                pthread_mutexattr_setprotocol
                0x000000000002d640                CVI_VENC_GetH264Trans
                0x000000000002d650                CVI_VENC_GetJpegParam
                0x000000000002d660                pthread_attr_setinheritsched
                0x000000000002d670                std::ios_base::Init::Init()@@GLIBCXX_3.4
                0x000000000002d680                CVI_ISP_Exit
                0x000000000002d690                CVI_VENC_SetRoiAttr
                0x000000000002d6a0                CVI_VPSS_AttachVbPool
                0x000000000002d6b0                CVI_NN_GetInputOutputTensors
                0x000000000002d6c0                std::basic_ifstream<char, std::char_traits<char> >::rdbuf() const@@GLIBCXX_3.4
                0x000000000002d6d0                access
                0x000000000002d6e0                sprintf
                0x000000000002d6f0                mosquitto_subscribe@@MOSQ_1.0
                0x000000000002d700                CVI_BIN_ImportBinData
                0x000000000002d710                std::basic_ifstream<char, std::char_traits<char> >::is_open()@@GLIBCXX_3.4
                0x000000000002d720                CVI_NN_CleanupModel
                0x000000000002d730                std::basic_ifstream<char, std::char_traits<char> >::basic_ifstream(std::__cxx11::basic_string<char, std::char_traits<char>, std::allocator<char> > const&, std::_Ios_Openmode)@@GLIBCXX_3.4.21
                0x000000000002d740                fclose
                0x000000000002d750                CVI_SYS_UnBind
                0x000000000002d760                __cxa_end_catch@@CXXABI_1.3
                0x000000000002d770                CVI_VPSS_DisableChn
                0x000000000002d780                __gxx_personality_v0@@CXXABI_1.3
                0x000000000002d790                CVI_VENC_SetH265Trans
                0x000000000002d7a0                std::__cxx11::basic_string<char, std::char_traits<char>, std::allocator<char> >::empty() const@@GLIBCXX_3.4.21
                0x000000000002d7b0                CVI_NN_RegisterModelFromBuffer
                0x000000000002d7c0                CVI_ISP_GetStatisticsConfig
                0x000000000002d7d0                pthread_attr_setschedparam
                0x000000000002d7e0                CVI_ISP_SetCtrlParam
                0x000000000002d7f0                realloc
                0x000000000002d800                CVI_BIN_SetBinName
                0x000000000002d810                mosquitto_disconnect_callback_set@@MOSQ_1.0
                0x000000000002d820                mosquitto_publish@@MOSQ_1.0
                0x000000000002d830                CVI_VENC_GetH264Vui
                0x000000000002d840                pthread_mutexattr_settype
                0x000000000002d850                CVI_SYS_VI_Close
                0x000000000002d860                std::filesystem::__cxx11::directory_iterator::directory_iterator(std::filesystem::__cxx11::path const&, std::filesystem::directory_options, std::error_code*)@@GLIBCXX_3.4.26
                0x000000000002d870                CVI_VENC_SetH264Vui
                0x000000000002d880                strncmp
                0x000000000002d890                CVI_VPSS_EnableChn
                0x000000000002d8a0                _Unwind_Resume@@GCC_3.0
                0x000000000002d8b0                std::allocator<char>::allocator()@@GLIBCXX_3.4
                0x000000000002d8c0                pthread_join
                0x000000000002d8d0                std::__cxx11::basic_string<char, std::char_traits<char>, std::allocator<char> >::_M_create(unsigned long&, unsigned long)@@GLIBCXX_3.4.21
                0x000000000002d8e0                __cxa_guard_acquire@@CXXABI_1.3
                0x000000000002d8f0                CVI_MIPI_SetMipiAttr
                0x000000000002d900                std::filesystem::__cxx11::directory_iterator::operator*() const@@GLIBCXX_3.4.26
                0x000000000002d910                mosquitto_disconnect@@MOSQ_1.0
                0x000000000002d920                prctl
                0x000000000002d930                std::basic_ifstream<char, std::char_traits<char> >::basic_ifstream(char const*, std::_Ios_Openmode)@@GLIBCXX_3.4
                0x000000000002d940                pthread_cancel
                0x000000000002d950                CVI_VI_EnableChn
                0x000000000002d960                pthread_setname_np
                0x000000000002d970                CVI_VI_UnRegChnFlipMirrorCallBack
                0x000000000002d980                mosquitto_connect_async@@MOSQ_1.0
                0x000000000002d990                pthread_mutex_timedlock
                0x000000000002d9a0                CVI_NN_SetTensorPhysicalAddr
                0x000000000002d9b0                CVI_VPSS_SetChnBufWrapAttr
                0x000000000002d9c0                CVI_VENC_StopRecvFrame
                0x000000000002d9d0                CVI_NN_TensorPtr
                0x000000000002d9e0                std::__cxx11::basic_string<char, std::char_traits<char>, std::allocator<char> >::basic_string(std::__cxx11::basic_string<char, std::char_traits<char>, std::allocator<char> >::__sv_wrapper, std::allocator<char> const&)@@GLIBCXX_3.4.26
                0x000000000002d9f0                CVI_NN_TensorSize
                0x000000000002da00                __cxa_pure_virtual@@CXXABI_1.3
                0x000000000002da10                system
                0x000000000002da20                CVI_VENC_GetH265Trans
                0x000000000002da30                CVI_VENC_CreateChn
                0x000000000002da40                std::basic_ofstream<char, std::char_traits<char> >::basic_ofstream(std::__cxx11::basic_string<char, std::char_traits<char>, std::allocator<char> > const&, std::_Ios_Openmode)@@GLIBCXX_3.4.21
                0x000000000002da50                std::filesystem::__cxx11::path::_List::_List(std::filesystem::__cxx11::path::_List const&)@@GLIBCXX_3.4.26
                0x000000000002da60                CVI_VPSS_SetChnCrop
                0x000000000002da70                CVI_SYS_RegisterThermalCallback
                0x000000000002da80                CVI_VENC_StartRecvFrame
                0x000000000002da90                CVI_SYS_Exit
                0x000000000002daa0                pthread_setcancelstate
                0x000000000002dab0                std::__cxx11::basic_string<char, std::char_traits<char>, std::allocator<char> >::_M_capacity(unsigned long)@@GLIBCXX_3.4.21
                0x000000000002dac0                std::__shared_ptr<std::filesystem::__cxx11::_Dir, (__gnu_cxx::_Lock_policy)1>::__shared_ptr()@@GLIBCXX_3.4.26
                0x000000000002dad0                std::istream::gcount() const@@GLIBCXX_3.4
                0x000000000002dae0                pthread_mutexattr_init

.iplt
 *(.iplt)

.text           0x000000000002daf0    0x1d430
 *(.text.unlikely .text.*_unlikely .text.unlikely.*)
 *(.text.exit .text.exit.*)
 *(.text.startup .text.startup.*)
 *(.text.hot .text.hot.*)
 *(SORT_BY_NAME(.text.sorted.*))
 *(.text .stub .text.* .gnu.linkonce.t.*)
 .text          0x000000000002daf0       0x18 /home/steven/host-tools/gcc/riscv64-linux-musl-x86_64/bin/../sysroot/usr/lib64v0p7_xthead/lp64d/crt1.o
                0x000000000002daf0                _start
 .text._start_c
                0x000000000002db08       0x24 /home/steven/host-tools/gcc/riscv64-linux-musl-x86_64/bin/../sysroot/usr/lib64v0p7_xthead/lp64d/crt1.o
                0x000000000002db08                _start_c
 .text          0x000000000002db2c        0x0 /home/steven/host-tools/gcc/riscv64-linux-musl-x86_64/bin/../lib/gcc/riscv64-unknown-linux-musl/10.2.0/lib64v0p7_xthead/lp64d/crti.o
 *fill*         0x000000000002db2c        0x4 
 .text          0x000000000002db30       0xc0 /home/steven/host-tools/gcc/riscv64-linux-musl-x86_64/bin/../lib/gcc/riscv64-unknown-linux-musl/10.2.0/lib64v0p7_xthead/lp64d/crtbegin.o
 .text          0x000000000002dbf0        0x0 CMakeFiles/model_detector.dir/dummy.c.o
 .text          0x000000000002dbf0      0x710 libmain.a(main.cpp.o)
                0x000000000002dc1e                main
 .text._ZStanSt12memory_orderSt23__memory_order_modifier
                0x000000000002e300       0x2a libmain.a(main.cpp.o)
                0x000000000002e300                std::operator&(std::memory_order, std::__memory_order_modifier)
 .text._ZNSt6atomicIbE5storeEbSt12memory_order
                0x000000000002e32a       0x6e libmain.a(main.cpp.o)
                0x000000000002e32a                std::atomic<bool>::store(bool, std::memory_order)
 .text._ZNKSt6atomicIbE4loadESt12memory_order
                0x000000000002e398       0x66 libmain.a(main.cpp.o)
                0x000000000002e398                std::atomic<bool>::load(std::memory_order) const
 .text._ZNKSt6chrono8durationIlSt5ratioILl1ELl1000000000EEE5countEv
                0x000000000002e3fe       0x18 libmain.a(main.cpp.o)
                0x000000000002e3fe                std::chrono::duration<long, std::ratio<1l, 1000000000l> >::count() const
 .text._ZNSt6chrono8durationIlSt5ratioILl1ELl1000000000EEEC1IlvEERKT_
                0x000000000002e416       0x22 libmain.a(main.cpp.o)
                0x000000000002e416                std::chrono::duration<long, std::ratio<1l, 1000000000l> >::duration<long, void>(long const&)
 .text._ZNSt6chrono15duration_valuesIlE4zeroEv
                0x000000000002e438       0x10 libmain.a(main.cpp.o)
                0x000000000002e438                std::chrono::duration_values<long>::zero()
 .text._ZNSt6chrono8durationIlSt5ratioILl1ELl1EEEC1IlvEERKT_
                0x000000000002e448       0x22 libmain.a(main.cpp.o)
                0x000000000002e448                std::chrono::duration<long, std::ratio<1l, 1l> >::duration<long, void>(long const&)
 .text._ZNK2ma6Sensor7getTypeEv
                0x000000000002e46a       0x18 libmain.a(main.cpp.o)
                0x000000000002e46a                ma::Sensor::getType() const
 .text._ZN2ma6Device10getSensorsEv
                0x000000000002e482       0x1a libmain.a(main.cpp.o)
                0x000000000002e482                ma::Device::getSensors()
 .text._ZNKSt6chrono8durationIlSt5ratioILl1ELl1000EEE5countEv
                0x000000000002e49c       0x18 libmain.a(main.cpp.o)
                0x000000000002e49c                std::chrono::duration<long, std::ratio<1l, 1000l> >::count() const
 .text._ZNSt6chrono13duration_castINS_8durationIlSt5ratioILl1ELl1000EEEElS2_ILl1ELl1000000000EEEENSt9enable_ifIXsrNS_13__is_durationIT_EE5valueES8_E4typeERKNS1_IT0_T1_EE
                0x000000000002e4b4       0x26 libmain.a(main.cpp.o)
                0x000000000002e4b4                std::enable_if<std::chrono::__is_duration<std::chrono::duration<long, std::ratio<1l, 1000l> > >::value, std::chrono::duration<long, std::ratio<1l, 1000l> > >::type std::chrono::duration_cast<std::chrono::duration<long, std::ratio<1l, 1000l> >, long, std::ratio<1l, 1000000000l> >(std::chrono::duration<long, std::ratio<1l, 1000000000l> > const&)
 .text._ZNSt6chronomiINS_3_V212system_clockENS_8durationIlSt5ratioILl1ELl1000000000EEEES6_EENSt11common_typeIJT0_T1_EE4typeERKNS_10time_pointIT_S8_EERKNSC_ISD_S9_EE
                0x000000000002e4da       0x5a libmain.a(main.cpp.o)
                0x000000000002e4da                std::common_type<std::chrono::duration<long, std::ratio<1l, 1000000000l> >, std::chrono::duration<long, std::ratio<1l, 1000000000l> > >::type std::chrono::operator-<std::chrono::_V2::system_clock, std::chrono::duration<long, std::ratio<1l, 1000000000l> >, std::chrono::duration<long, std::ratio<1l, 1000000000l> > >(std::chrono::time_point<std::chrono::_V2::system_clock, std::chrono::duration<long, std::ratio<1l, 1000000000l> > > const&, std::chrono::time_point<std::chrono::_V2::system_clock, std::chrono::duration<long, std::ratio<1l, 1000000000l> > > const&)
 .text._ZNSt6chronomiIlSt5ratioILl1ELl1000000000EElS2_EENSt11common_typeIJNS_8durationIT_T0_EENS4_IT1_T2_EEEE4typeERKS7_RKSA_
                0x000000000002e534       0x78 libmain.a(main.cpp.o)
                0x000000000002e534                std::common_type<std::chrono::duration<long, std::ratio<1l, 1000000000l> >, std::chrono::duration<long, std::ratio<1l, 1000000000l> > >::type std::chrono::operator-<long, std::ratio<1l, 1000000000l>, long, std::ratio<1l, 1000000000l> >(std::chrono::duration<long, std::ratio<1l, 1000000000l> > const&, std::chrono::duration<long, std::ratio<1l, 1000000000l> > const&)
 .text._ZNKSt6chrono10time_pointINS_3_V212system_clockENS_8durationIlSt5ratioILl1ELl1000000000EEEEE16time_since_epochEv
                0x000000000002e5ac       0x18 libmain.a(main.cpp.o)
                0x000000000002e5ac                std::chrono::time_point<std::chrono::_V2::system_clock, std::chrono::duration<long, std::ratio<1l, 1000000000l> > >::time_since_epoch() const
 .text._ZNKSt6chrono8durationIlSt5ratioILl1ELl1EEE5countEv
                0x000000000002e5c4       0x18 libmain.a(main.cpp.o)
                0x000000000002e5c4                std::chrono::duration<long, std::ratio<1l, 1l> >::count() const
 .text._ZNKSt6vectorIPN2ma6SensorESaIS2_EE5beginEv
                0x000000000002e5dc       0x30 libmain.a(main.cpp.o)
                0x000000000002e5dc                std::vector<ma::Sensor*, std::allocator<ma::Sensor*> >::begin() const
 .text._ZNKSt6vectorIPN2ma6SensorESaIS2_EE3endEv
                0x000000000002e60c       0x34 libmain.a(main.cpp.o)
                0x000000000002e60c                std::vector<ma::Sensor*, std::allocator<ma::Sensor*> >::end() const
 .text._ZN9__gnu_cxxneIPKPN2ma6SensorESt6vectorIS3_SaIS3_EEEEbRKNS_17__normal_iteratorIT_T0_EESE_
                0x000000000002e640       0x4e libmain.a(main.cpp.o)
                0x000000000002e640                bool __gnu_cxx::operator!=<ma::Sensor* const*, std::vector<ma::Sensor*, std::allocator<ma::Sensor*> > >(__gnu_cxx::__normal_iterator<ma::Sensor* const*, std::vector<ma::Sensor*, std::allocator<ma::Sensor*> > > const&, __gnu_cxx::__normal_iterator<ma::Sensor* const*, std::vector<ma::Sensor*, std::allocator<ma::Sensor*> > > const&)
 .text._ZN9__gnu_cxx17__normal_iteratorIPKPN2ma6SensorESt6vectorIS3_SaIS3_EEEppEv
                0x000000000002e68e       0x26 libmain.a(main.cpp.o)
                0x000000000002e68e                __gnu_cxx::__normal_iterator<ma::Sensor* const*, std::vector<ma::Sensor*, std::allocator<ma::Sensor*> > >::operator++()
 .text._ZNK9__gnu_cxx17__normal_iteratorIPKPN2ma6SensorESt6vectorIS3_SaIS3_EEEdeEv
                0x000000000002e6b4       0x18 libmain.a(main.cpp.o)
                0x000000000002e6b4                __gnu_cxx::__normal_iterator<ma::Sensor* const*, std::vector<ma::Sensor*, std::allocator<ma::Sensor*> > >::operator*() const
 .text._ZNSt6chrono8durationIlSt5ratioILl1ELl1000EEEC2IivEERKT_
                0x000000000002e6cc       0x24 libmain.a(main.cpp.o)
                0x000000000002e6cc                std::chrono::duration<long, std::ratio<1l, 1000l> >::duration<int, void>(int const&)
                0x000000000002e6cc                std::chrono::duration<long, std::ratio<1l, 1000l> >::duration<int, void>(int const&)
 .text._ZNSt6chronoleIlSt5ratioILl1ELl1000EElS2_EEbRKNS_8durationIT_T0_EERKNS3_IT1_T2_EE
                0x000000000002e6f0       0x36 libmain.a(main.cpp.o)
                0x000000000002e6f0                bool std::chrono::operator<=<long, std::ratio<1l, 1000l>, long, std::ratio<1l, 1000l> >(std::chrono::duration<long, std::ratio<1l, 1000l> > const&, std::chrono::duration<long, std::ratio<1l, 1000l> > const&)
 .text._ZNSt6chrono8durationIlSt5ratioILl1ELl1000EEE4zeroEv
                0x000000000002e726       0x3c libmain.a(main.cpp.o)
                0x000000000002e726                std::chrono::duration<long, std::ratio<1l, 1000l> >::zero()
 .text._ZNSt6chrono13duration_castINS_8durationIlSt5ratioILl1ELl1EEEElS2_ILl1ELl1000EEEENSt9enable_ifIXsrNS_13__is_durationIT_EE5valueES8_E4typeERKNS1_IT0_T1_EE
                0x000000000002e762       0x26 libmain.a(main.cpp.o)
                0x000000000002e762                std::enable_if<std::chrono::__is_duration<std::chrono::duration<long, std::ratio<1l, 1l> > >::value, std::chrono::duration<long, std::ratio<1l, 1l> > >::type std::chrono::duration_cast<std::chrono::duration<long, std::ratio<1l, 1l> >, long, std::ratio<1l, 1000l> >(std::chrono::duration<long, std::ratio<1l, 1000l> > const&)
 .text._ZNSt6chrono13duration_castINS_8durationIlSt5ratioILl1ELl1000000000EEEElS2_ILl1ELl1000EEEENSt9enable_ifIXsrNS_13__is_durationIT_EE5valueES8_E4typeERKNS1_IT0_T1_EE
                0x000000000002e788       0x26 libmain.a(main.cpp.o)
                0x000000000002e788                std::enable_if<std::chrono::__is_duration<std::chrono::duration<long, std::ratio<1l, 1000000000l> > >::value, std::chrono::duration<long, std::ratio<1l, 1000000000l> > >::type std::chrono::duration_cast<std::chrono::duration<long, std::ratio<1l, 1000000000l> >, long, std::ratio<1l, 1000l> >(std::chrono::duration<long, std::ratio<1l, 1000l> > const&)
 .text._ZNSt6chronomiIlSt5ratioILl1ELl1000EElS1_ILl1ELl1EEEENSt11common_typeIJNS_8durationIT_T0_EENS5_IT1_T2_EEEE4typeERKS8_RKSB_
                0x000000000002e7ae       0x82 libmain.a(main.cpp.o)
                0x000000000002e7ae                std::common_type<std::chrono::duration<long, std::ratio<1l, 1000l> >, std::chrono::duration<long, std::ratio<1l, 1l> > >::type std::chrono::operator-<long, std::ratio<1l, 1000l>, long, std::ratio<1l, 1l> >(std::chrono::duration<long, std::ratio<1l, 1000l> > const&, std::chrono::duration<long, std::ratio<1l, 1l> > const&)
 .text._ZNSt11this_thread9sleep_forIlSt5ratioILl1ELl1000EEEEvRKNSt6chrono8durationIT_T0_EE
                0x000000000002e830       0xe2 libmain.a(main.cpp.o)
                0x000000000002e830                void std::this_thread::sleep_for<long, std::ratio<1l, 1000l> >(std::chrono::duration<long, std::ratio<1l, 1000l> > const&)
 .text._ZNSt6chrono20__duration_cast_implINS_8durationIlSt5ratioILl1ELl1000EEEES2_ILl1ELl1000000EElLb1ELb0EE6__castIlS2_ILl1ELl1000000000EEEES4_RKNS1_IT_T0_EE
                0x000000000002e912       0x50 libmain.a(main.cpp.o)
                0x000000000002e912                std::chrono::duration<long, std::ratio<1l, 1000l> > std::chrono::__duration_cast_impl<std::chrono::duration<long, std::ratio<1l, 1000l> >, std::ratio<1l, 1000000l>, long, true, false>::__cast<long, std::ratio<1l, 1000000000l> >(std::chrono::duration<long, std::ratio<1l, 1000000000l> > const&)
 .text._ZN9__gnu_cxx17__normal_iteratorIPKPN2ma6SensorESt6vectorIS3_SaIS3_EEEC2ERKS5_
                0x000000000002e962       0x22 libmain.a(main.cpp.o)
                0x000000000002e962                __gnu_cxx::__normal_iterator<ma::Sensor* const*, std::vector<ma::Sensor*, std::allocator<ma::Sensor*> > >::__normal_iterator(ma::Sensor* const* const&)
                0x000000000002e962                __gnu_cxx::__normal_iterator<ma::Sensor* const*, std::vector<ma::Sensor*, std::allocator<ma::Sensor*> > >::__normal_iterator(ma::Sensor* const* const&)
 .text._ZNK9__gnu_cxx17__normal_iteratorIPKPN2ma6SensorESt6vectorIS3_SaIS3_EEE4baseEv
                0x000000000002e984       0x16 libmain.a(main.cpp.o)
                0x000000000002e984                __gnu_cxx::__normal_iterator<ma::Sensor* const*, std::vector<ma::Sensor*, std::allocator<ma::Sensor*> > >::base() const
 .text._ZNSt6chronoltIlSt5ratioILl1ELl1000EElS2_EEbRKNS_8durationIT_T0_EERKNS3_IT1_T2_EE
                0x000000000002e99a       0x5e libmain.a(main.cpp.o)
                0x000000000002e99a                bool std::chrono::operator< <long, std::ratio<1l, 1000l>, long, std::ratio<1l, 1000l> >(std::chrono::duration<long, std::ratio<1l, 1000l> > const&, std::chrono::duration<long, std::ratio<1l, 1000l> > const&)
 .text._ZNSt6chrono8durationIlSt5ratioILl1ELl1000EEEC2IlvEERKT_
                0x000000000002e9f8       0x22 libmain.a(main.cpp.o)
                0x000000000002e9f8                std::chrono::duration<long, std::ratio<1l, 1000l> >::duration<long, void>(long const&)
                0x000000000002e9f8                std::chrono::duration<long, std::ratio<1l, 1000l> >::duration<long, void>(long const&)
 .text._ZNSt6chrono20__duration_cast_implINS_8durationIlSt5ratioILl1ELl1EEEES2_ILl1ELl1000EElLb1ELb0EE6__castIlS5_EES4_RKNS1_IT_T0_EE
                0x000000000002ea1a       0x4c libmain.a(main.cpp.o)
                0x000000000002ea1a                std::chrono::duration<long, std::ratio<1l, 1l> > std::chrono::__duration_cast_impl<std::chrono::duration<long, std::ratio<1l, 1l> >, std::ratio<1l, 1000l>, long, true, false>::__cast<long, std::ratio<1l, 1000l> >(std::chrono::duration<long, std::ratio<1l, 1000l> > const&)
 .text._ZNSt6chrono20__duration_cast_implINS_8durationIlSt5ratioILl1ELl1000000000EEEES2_ILl1000000ELl1EElLb0ELb1EE6__castIlS2_ILl1ELl1000EEEES4_RKNS1_IT_T0_EE
                0x000000000002ea66       0x50 libmain.a(main.cpp.o)
                0x000000000002ea66                std::chrono::duration<long, std::ratio<1l, 1000000000l> > std::chrono::__duration_cast_impl<std::chrono::duration<long, std::ratio<1l, 1000000000l> >, std::ratio<1000000l, 1l>, long, false, true>::__cast<long, std::ratio<1l, 1000l> >(std::chrono::duration<long, std::ratio<1l, 1000l> > const&)
 .text._ZNSt6chrono8durationIlSt5ratioILl1ELl1000EEEC2IlS1_ILl1ELl1EEvEERKNS0_IT_T0_EE
                0x000000000002eab6       0x46 libmain.a(main.cpp.o)
                0x000000000002eab6                std::chrono::duration<long, std::ratio<1l, 1000l> >::duration<long, std::ratio<1l, 1l>, void>(std::chrono::duration<long, std::ratio<1l, 1l> > const&)
                0x000000000002eab6                std::chrono::duration<long, std::ratio<1l, 1000l> >::duration<long, std::ratio<1l, 1l>, void>(std::chrono::duration<long, std::ratio<1l, 1l> > const&)
 .text._ZNSt6chrono13duration_castINS_8durationIlSt5ratioILl1ELl1000EEEElS2_ILl1ELl1EEEENSt9enable_ifIXsrNS_13__is_durationIT_EE5valueES8_E4typeERKNS1_IT0_T1_EE
                0x000000000002eafc       0x26 libmain.a(main.cpp.o)
                0x000000000002eafc                std::enable_if<std::chrono::__is_duration<std::chrono::duration<long, std::ratio<1l, 1000l> > >::value, std::chrono::duration<long, std::ratio<1l, 1000l> > >::type std::chrono::duration_cast<std::chrono::duration<long, std::ratio<1l, 1000l> >, long, std::ratio<1l, 1l> >(std::chrono::duration<long, std::ratio<1l, 1l> > const&)
 .text._ZNSt6chrono20__duration_cast_implINS_8durationIlSt5ratioILl1ELl1000EEEES2_ILl1000ELl1EElLb0ELb1EE6__castIlS2_ILl1ELl1EEEES4_RKNS1_IT_T0_EE
                0x000000000002eb22       0x4c libmain.a(main.cpp.o)
                0x000000000002eb22                std::chrono::duration<long, std::ratio<1l, 1000l> > std::chrono::__duration_cast_impl<std::chrono::duration<long, std::ratio<1l, 1000l> >, std::ratio<1000l, 1l>, long, false, true>::__cast<long, std::ratio<1l, 1l> >(std::chrono::duration<long, std::ratio<1l, 1l> > const&)
 .text          0x000000000002eb6e      0xce0 libsscma-micro.a(ma_engine_cvi.cpp.o)
                0x000000000002eb6e                ma::engine::EngineCVI::EngineCVI()
                0x000000000002ebae                ma::engine::EngineCVI::~EngineCVI()
                0x000000000002ebfa                ma::engine::EngineCVI::~EngineCVI()
                0x000000000002ec22                ma::engine::EngineCVI::init()
                0x000000000002ec36                ma::engine::EngineCVI::init(unsigned long)
                0x000000000002ec4e                ma::engine::EngineCVI::init(void*, unsigned long)
                0x000000000002ec6a                ma::engine::EngineCVI::load(char const*)
                0x000000000002ed04                ma::engine::EngineCVI::load(std::__cxx11::basic_string<char, std::char_traits<char>, std::allocator<char> > const&)
                0x000000000002ed34                ma::engine::EngineCVI::load(void const*, unsigned long)
                0x000000000002eddc                ma::engine::EngineCVI::run()
                0x000000000002ee68                ma::engine::EngineCVI::getInput(int)
                0x000000000002f004                ma::engine::EngineCVI::getOutput(int)
                0x000000000002f19e                ma::engine::EngineCVI::getInputShape(int)
                0x000000000002f2c8                ma::engine::EngineCVI::getOutputShape(int)
                0x000000000002f3f2                ma::engine::EngineCVI::getInputQuantParam(int)
                0x000000000002f4b8                ma::engine::EngineCVI::getOutputQuantParam(int)
                0x000000000002f57e                ma::engine::EngineCVI::getInputSize()
                0x000000000002f596                ma::engine::EngineCVI::getOutputSize()
                0x000000000002f5ae                ma::engine::EngineCVI::getInputNum(char const*)
                0x000000000002f65a                ma::engine::EngineCVI::getOutputNum(char const*)
                0x000000000002f706                ma::engine::EngineCVI::setInput(int, ma_tensor_t const&)
 .text._ZN2ma6engine6EngineC2Ev
                0x000000000002f84e       0x24 libsscma-micro.a(ma_engine_cvi.cpp.o)
                0x000000000002f84e                ma::engine::Engine::Engine()
                0x000000000002f84e                ma::engine::Engine::Engine()
 .text._ZN2ma6engine6EngineD2Ev
                0x000000000002f872       0x24 libsscma-micro.a(ma_engine_cvi.cpp.o)
                0x000000000002f872                ma::engine::Engine::~Engine()
                0x000000000002f872                ma::engine::Engine::~Engine()
 .text._ZN2ma6engine6EngineD0Ev
                0x000000000002f896       0x2c libsscma-micro.a(ma_engine_cvi.cpp.o)
                0x000000000002f896                ma::engine::Engine::~Engine()
 .text          0x000000000002f8c2     0x11c2 libsscma-micro.a(ma_device_sg200x.cpp.o)
                0x000000000002f8d2                ma::Device::Device()
                0x0000000000030924                ma::Device::getInstance()
                0x0000000000030992                ma::Device::~Device()
 .text._ZnwmPv  0x0000000000030a84       0x1a libsscma-micro.a(ma_device_sg200x.cpp.o)
                0x0000000000030a84                operator new(unsigned long, void*)
 .text._ZNSt11char_traitsIcE6lengthEPKc
                0x0000000000030a9e       0x40 libsscma-micro.a(ma_device_sg200x.cpp.o)
                0x0000000000030a9e                std::char_traits<char>::length(char const*)
 .text._ZNSt10filesystem7__cxx114path5_ListD2Ev
                0x0000000000030ade       0x26 libsscma-micro.a(ma_device_sg200x.cpp.o)
                0x0000000000030ade                std::filesystem::__cxx11::path::_List::~_List()
                0x0000000000030ade                std::filesystem::__cxx11::path::_List::~_List()
 .text._ZNSt10filesystem7__cxx114pathD2Ev
                0x0000000000030b04       0x34 libsscma-micro.a(ma_device_sg200x.cpp.o)
                0x0000000000030b04                std::filesystem::__cxx11::path::~path()
                0x0000000000030b04                std::filesystem::__cxx11::path::~path()
 .text._ZNSt10filesystem7__cxx114pathC2Ev
                0x0000000000030b38       0x2e libsscma-micro.a(ma_device_sg200x.cpp.o)
                0x0000000000030b38                std::filesystem::__cxx11::path::path()
                0x0000000000030b38                std::filesystem::__cxx11::path::path()
 .text._ZNSt10filesystem7__cxx114pathC2EONSt7__cxx1112basic_stringIcSt11char_traitsIcESaIcEEENS1_6formatE
                0x0000000000030b66       0x82 libsscma-micro.a(ma_device_sg200x.cpp.o)
                0x0000000000030b66                std::filesystem::__cxx11::path::path(std::__cxx11::basic_string<char, std::char_traits<char>, std::allocator<char> >&&, std::filesystem::__cxx11::path::format)
                0x0000000000030b66                std::filesystem::__cxx11::path::path(std::__cxx11::basic_string<char, std::char_traits<char>, std::allocator<char> >&&, std::filesystem::__cxx11::path::format)
 .text._ZNKSt10filesystem7__cxx114path5emptyEv
                0x0000000000030be8       0x22 libsscma-micro.a(ma_device_sg200x.cpp.o)
                0x0000000000030be8                std::filesystem::__cxx11::path::empty() const
 .text._ZNSt10filesystem7__cxx11eqERKNS0_4pathES3_
                0x0000000000030c0a       0x30 libsscma-micro.a(ma_device_sg200x.cpp.o)
                0x0000000000030c0a                std::filesystem::__cxx11::operator==(std::filesystem::__cxx11::path const&, std::filesystem::__cxx11::path const&)
 .text._ZNSt10filesystem7__cxx114pathC2ERKS1_
                0x0000000000030c3a       0x5a libsscma-micro.a(ma_device_sg200x.cpp.o)
                0x0000000000030c3a                std::filesystem::__cxx11::path::path(std::filesystem::__cxx11::path const&)
                0x0000000000030c3a                std::filesystem::__cxx11::path::path(std::filesystem::__cxx11::path const&)
 .text._ZNSt10filesystem7__cxx114path10_S_convertEPKcNS0_8__detail17__null_terminatedE
                0x0000000000030c94       0x3e libsscma-micro.a(ma_device_sg200x.cpp.o)
                0x0000000000030c94                std::filesystem::__cxx11::path::_S_convert(char const*, std::filesystem::__cxx11::__detail::__null_terminated)
 .text._ZNKSt10filesystem7__cxx114path7_M_typeEv
                0x0000000000030cd2       0x2c libsscma-micro.a(ma_device_sg200x.cpp.o)
                0x0000000000030cd2                std::filesystem::__cxx11::path::_M_type() const
 .text._ZNKSt10filesystem7__cxx114path5_List4typeEv
                0x0000000000030cfe       0x32 libsscma-micro.a(ma_device_sg200x.cpp.o)
                0x0000000000030cfe                std::filesystem::__cxx11::path::_List::type() const
 .text._ZNSt10filesystem7__cxx114path8iteratorC2EPKS1_PKNS1_5_CmptE
                0x0000000000030d30       0x36 libsscma-micro.a(ma_device_sg200x.cpp.o)
                0x0000000000030d30                std::filesystem::__cxx11::path::iterator::iterator(std::filesystem::__cxx11::path const*, std::filesystem::__cxx11::path::_Cmpt const*)
                0x0000000000030d30                std::filesystem::__cxx11::path::iterator::iterator(std::filesystem::__cxx11::path const*, std::filesystem::__cxx11::path::_Cmpt const*)
 .text._ZNSt10filesystem7__cxx114path8iteratorC2EPKS1_b
                0x0000000000030d66       0x3a libsscma-micro.a(ma_device_sg200x.cpp.o)
                0x0000000000030d66                std::filesystem::__cxx11::path::iterator::iterator(std::filesystem::__cxx11::path const*, bool)
                0x0000000000030d66                std::filesystem::__cxx11::path::iterator::iterator(std::filesystem::__cxx11::path const*, bool)
 .text._ZNKSt10filesystem7__cxx114path6stringEv
                0x0000000000030da0       0x66 libsscma-micro.a(ma_device_sg200x.cpp.o)
                0x0000000000030da0                std::filesystem::__cxx11::path::string() const
 .text._ZNKSt10filesystem7__cxx114path8filenameEv
                0x0000000000030e06      0x146 libsscma-micro.a(ma_device_sg200x.cpp.o)
                0x0000000000030e06                std::filesystem::__cxx11::path::filename() const
 .text._ZNKSt10filesystem7__cxx114path9extensionEv
                0x0000000000030f4c       0xa2 libsscma-micro.a(ma_device_sg200x.cpp.o)
                0x0000000000030f4c                std::filesystem::__cxx11::path::extension() const
 .text._ZNKSt10filesystem7__cxx114path3endEv
                0x0000000000030fee       0x72 libsscma-micro.a(ma_device_sg200x.cpp.o)
                0x0000000000030fee                std::filesystem::__cxx11::path::end() const
 .text._ZNSt10filesystem7__cxx114path8iteratormmEv
                0x0000000000031060       0x54 libsscma-micro.a(ma_device_sg200x.cpp.o)
                0x0000000000031060                std::filesystem::__cxx11::path::iterator::operator--()
 .text._ZNKSt10filesystem7__cxx114path8iteratordeEv
                0x00000000000310b4       0x44 libsscma-micro.a(ma_device_sg200x.cpp.o)
                0x00000000000310b4                std::filesystem::__cxx11::path::iterator::operator*() const
 .text._ZNKSt10filesystem11file_status4typeEv
                0x00000000000310f8       0x1a libsscma-micro.a(ma_device_sg200x.cpp.o)
                0x00000000000310f8                std::filesystem::file_status::type() const
 .text._ZNKSt10filesystem7__cxx1115directory_entry4pathEv
                0x0000000000031112       0x16 libsscma-micro.a(ma_device_sg200x.cpp.o)
                0x0000000000031112                std::filesystem::__cxx11::directory_entry::path() const
 .text._ZNKSt10filesystem7__cxx1115directory_entrycvRKNS0_4pathEEv
                0x0000000000031128       0x16 libsscma-micro.a(ma_device_sg200x.cpp.o)
                0x0000000000031128                std::filesystem::__cxx11::directory_entry::operator std::filesystem::__cxx11::path const&() const
 .text._ZNSt12__shared_ptrINSt10filesystem7__cxx114_DirELN9__gnu_cxx12_Lock_policyE1EED2Ev
                0x000000000003113e       0x28 libsscma-micro.a(ma_device_sg200x.cpp.o)
                0x000000000003113e                std::__shared_ptr<std::filesystem::__cxx11::_Dir, (__gnu_cxx::_Lock_policy)1>::~__shared_ptr()
                0x000000000003113e                std::__shared_ptr<std::filesystem::__cxx11::_Dir, (__gnu_cxx::_Lock_policy)1>::~__shared_ptr()
 .text._ZNSt10filesystem7__cxx1118directory_iteratorD2Ev
                0x0000000000031166       0x26 libsscma-micro.a(ma_device_sg200x.cpp.o)
                0x0000000000031166                std::filesystem::__cxx11::directory_iterator::~directory_iterator()
                0x0000000000031166                std::filesystem::__cxx11::directory_iterator::~directory_iterator()
 .text._ZNSt10filesystem7__cxx1118directory_iteratorC2ERKNS0_4pathE
                0x000000000003118c       0x2a libsscma-micro.a(ma_device_sg200x.cpp.o)
                0x000000000003118c                std::filesystem::__cxx11::directory_iterator::directory_iterator(std::filesystem::__cxx11::path const&)
                0x000000000003118c                std::filesystem::__cxx11::directory_iterator::directory_iterator(std::filesystem::__cxx11::path const&)
 .text._ZNSt10filesystem7__cxx11eqERKNS0_18directory_iteratorES3_
                0x00000000000311b6       0x64 libsscma-micro.a(ma_device_sg200x.cpp.o)
                0x00000000000311b6                std::filesystem::__cxx11::operator==(std::filesystem::__cxx11::directory_iterator const&, std::filesystem::__cxx11::directory_iterator const&)
 .text._ZNSt10filesystem7__cxx11neERKNS0_18directory_iteratorES3_
                0x000000000003121a       0x36 libsscma-micro.a(ma_device_sg200x.cpp.o)
                0x000000000003121a                std::filesystem::__cxx11::operator!=(std::filesystem::__cxx11::directory_iterator const&, std::filesystem::__cxx11::directory_iterator const&)
 .text._ZNSt10filesystem7__cxx1118directory_iteratorC2EOS1_
                0x0000000000031250       0x2a libsscma-micro.a(ma_device_sg200x.cpp.o)
                0x0000000000031250                std::filesystem::__cxx11::directory_iterator::directory_iterator(std::filesystem::__cxx11::directory_iterator&&)
                0x0000000000031250                std::filesystem::__cxx11::directory_iterator::directory_iterator(std::filesystem::__cxx11::directory_iterator&&)
 .text._ZNSt10filesystem7__cxx115beginENS0_18directory_iteratorE
                0x000000000003127a       0x2e libsscma-micro.a(ma_device_sg200x.cpp.o)
                0x000000000003127a                std::filesystem::__cxx11::begin(std::filesystem::__cxx11::directory_iterator)
 .text._ZNSt10filesystem7__cxx1118directory_iteratorC2Ev
                0x00000000000312a8       0x20 libsscma-micro.a(ma_device_sg200x.cpp.o)
                0x00000000000312a8                std::filesystem::__cxx11::directory_iterator::directory_iterator()
                0x00000000000312a8                std::filesystem::__cxx11::directory_iterator::directory_iterator()
 .text._ZNSt10filesystem7__cxx113endENS0_18directory_iteratorE
                0x00000000000312c8       0x3a libsscma-micro.a(ma_device_sg200x.cpp.o)
                0x00000000000312c8                std::filesystem::__cxx11::end(std::filesystem::__cxx11::directory_iterator)
 .text._ZNSt10filesystem6existsENS_11file_statusE
                0x0000000000031302       0x48 libsscma-micro.a(ma_device_sg200x.cpp.o)
                0x0000000000031302                std::filesystem::exists(std::filesystem::file_status)
 .text._ZNSt10filesystem6existsERKNS_7__cxx114pathE
                0x000000000003134a       0x2e libsscma-micro.a(ma_device_sg200x.cpp.o)
                0x000000000003134a                std::filesystem::exists(std::filesystem::__cxx11::path const&)
 .text._ZNSt10filesystem15is_regular_fileENS_11file_statusE
                0x0000000000031378       0x3a libsscma-micro.a(ma_device_sg200x.cpp.o)
                0x0000000000031378                std::filesystem::is_regular_file(std::filesystem::file_status)
 .text._ZNSt10filesystem15is_regular_fileERKNS_7__cxx114pathE
                0x00000000000313b2       0x2e libsscma-micro.a(ma_device_sg200x.cpp.o)
                0x00000000000313b2                std::filesystem::is_regular_file(std::filesystem::__cxx11::path const&)
 .text._ZNSt10filesystem12status_knownENS_11file_statusE
                0x00000000000313e0       0x32 libsscma-micro.a(ma_device_sg200x.cpp.o)
                0x00000000000313e0                std::filesystem::status_known(std::filesystem::file_status)
 .text._ZSt3minImERKT_S2_S2_
                0x0000000000031412       0x30 libsscma-micro.a(ma_device_sg200x.cpp.o)
                0x0000000000031412                unsigned long const& std::min<unsigned long>(unsigned long const&, unsigned long const&)
 .text._ZNSt12_Vector_baseIPN2ma9TransportESaIS2_EE12_Vector_implD2Ev
                0x0000000000031442       0x24 libsscma-micro.a(ma_device_sg200x.cpp.o)
                0x0000000000031442                std::_Vector_base<ma::Transport*, std::allocator<ma::Transport*> >::_Vector_impl::~_Vector_impl()
                0x0000000000031442                std::_Vector_base<ma::Transport*, std::allocator<ma::Transport*> >::_Vector_impl::~_Vector_impl()
 .text._ZNSt12_Vector_baseIPN2ma9TransportESaIS2_EEC2Ev
                0x0000000000031466       0x26 libsscma-micro.a(ma_device_sg200x.cpp.o)
                0x0000000000031466                std::_Vector_base<ma::Transport*, std::allocator<ma::Transport*> >::_Vector_base()
                0x0000000000031466                std::_Vector_base<ma::Transport*, std::allocator<ma::Transport*> >::_Vector_base()
 .text._ZNSt6vectorIPN2ma9TransportESaIS2_EEC2Ev
                0x000000000003148c       0x26 libsscma-micro.a(ma_device_sg200x.cpp.o)
                0x000000000003148c                std::vector<ma::Transport*, std::allocator<ma::Transport*> >::vector()
                0x000000000003148c                std::vector<ma::Transport*, std::allocator<ma::Transport*> >::vector()
 .text._ZNSt12_Vector_baseIPN2ma6SensorESaIS2_EE12_Vector_implD2Ev
                0x00000000000314b2       0x24 libsscma-micro.a(ma_device_sg200x.cpp.o)
                0x00000000000314b2                std::_Vector_base<ma::Sensor*, std::allocator<ma::Sensor*> >::_Vector_impl::~_Vector_impl()
                0x00000000000314b2                std::_Vector_base<ma::Sensor*, std::allocator<ma::Sensor*> >::_Vector_impl::~_Vector_impl()
 .text._ZNSt12_Vector_baseIPN2ma6SensorESaIS2_EEC2Ev
                0x00000000000314d6       0x26 libsscma-micro.a(ma_device_sg200x.cpp.o)
                0x00000000000314d6                std::_Vector_base<ma::Sensor*, std::allocator<ma::Sensor*> >::_Vector_base()
                0x00000000000314d6                std::_Vector_base<ma::Sensor*, std::allocator<ma::Sensor*> >::_Vector_base()
 .text._ZNSt6vectorIPN2ma6SensorESaIS2_EEC2Ev
                0x00000000000314fc       0x26 libsscma-micro.a(ma_device_sg200x.cpp.o)
                0x00000000000314fc                std::vector<ma::Sensor*, std::allocator<ma::Sensor*> >::vector()
                0x00000000000314fc                std::vector<ma::Sensor*, std::allocator<ma::Sensor*> >::vector()
 .text._ZNSt12_Vector_baseI10ma_model_tSaIS0_EE12_Vector_implD2Ev
                0x0000000000031522       0x24 libsscma-micro.a(ma_device_sg200x.cpp.o)
                0x0000000000031522                std::_Vector_base<ma_model_t, std::allocator<ma_model_t> >::_Vector_impl::~_Vector_impl()
                0x0000000000031522                std::_Vector_base<ma_model_t, std::allocator<ma_model_t> >::_Vector_impl::~_Vector_impl()
 .text._ZNSt12_Vector_baseI10ma_model_tSaIS0_EEC2Ev
                0x0000000000031546       0x26 libsscma-micro.a(ma_device_sg200x.cpp.o)
                0x0000000000031546                std::_Vector_base<ma_model_t, std::allocator<ma_model_t> >::_Vector_base()
                0x0000000000031546                std::_Vector_base<ma_model_t, std::allocator<ma_model_t> >::_Vector_base()
 .text._ZNSt6vectorI10ma_model_tSaIS0_EEC2Ev
                0x000000000003156c       0x26 libsscma-micro.a(ma_device_sg200x.cpp.o)
                0x000000000003156c                std::vector<ma_model_t, std::allocator<ma_model_t> >::vector()
                0x000000000003156c                std::vector<ma_model_t, std::allocator<ma_model_t> >::vector()
 .text._ZNSt12__shared_ptrINSt10filesystem7__cxx114_DirELN9__gnu_cxx12_Lock_policyE1EEC2ERKS5_
                0x0000000000031592       0x42 libsscma-micro.a(ma_device_sg200x.cpp.o)
                0x0000000000031592                std::__shared_ptr<std::filesystem::__cxx11::_Dir, (__gnu_cxx::_Lock_policy)1>::__shared_ptr(std::__shared_ptr<std::filesystem::__cxx11::_Dir, (__gnu_cxx::_Lock_policy)1> const&)
                0x0000000000031592                std::__shared_ptr<std::filesystem::__cxx11::_Dir, (__gnu_cxx::_Lock_policy)1>::__shared_ptr(std::__shared_ptr<std::filesystem::__cxx11::_Dir, (__gnu_cxx::_Lock_policy)1> const&)
 .text._ZNSt10filesystem7__cxx1118directory_iteratorC2ERKS1_
                0x00000000000315d4       0x30 libsscma-micro.a(ma_device_sg200x.cpp.o)
                0x00000000000315d4                std::filesystem::__cxx11::directory_iterator::directory_iterator(std::filesystem::__cxx11::directory_iterator const&)
                0x00000000000315d4                std::filesystem::__cxx11::directory_iterator::directory_iterator(std::filesystem::__cxx11::directory_iterator const&)
 .text._ZN9__gnu_cxx11char_traitsIcE2eqERKcS3_
                0x0000000000031604       0x36 libsscma-micro.a(ma_device_sg200x.cpp.o)
                0x0000000000031604                __gnu_cxx::char_traits<char>::eq(char const&, char const&)
 .text._ZN9__gnu_cxx11char_traitsIcE6lengthEPKc
                0x000000000003163a       0x56 libsscma-micro.a(ma_device_sg200x.cpp.o)
                0x000000000003163a                __gnu_cxx::char_traits<char>::length(char const*)
 .text._ZNSt7__cxx1112basic_stringIcSt11char_traitsIcESaIcEE12_Alloc_hiderD2Ev
                0x0000000000031690       0x1e libsscma-micro.a(ma_device_sg200x.cpp.o)
                0x0000000000031690                std::__cxx11::basic_string<char, std::char_traits<char>, std::allocator<char> >::_Alloc_hider::~_Alloc_hider()
                0x0000000000031690                std::__cxx11::basic_string<char, std::char_traits<char>, std::allocator<char> >::_Alloc_hider::~_Alloc_hider()
 .text._ZNSt10unique_ptrINSt10filesystem7__cxx114path5_List5_ImplENS3_13_Impl_deleterEED2Ev
                0x00000000000316ae       0x68 libsscma-micro.a(ma_device_sg200x.cpp.o)
                0x00000000000316ae                std::unique_ptr<std::filesystem::__cxx11::path::_List::_Impl, std::filesystem::__cxx11::path::_List::_Impl_deleter>::~unique_ptr()
                0x00000000000316ae                std::unique_ptr<std::filesystem::__cxx11::path::_List::_Impl, std::filesystem::__cxx11::path::_List::_Impl_deleter>::~unique_ptr()
 .text._ZSt4moveIRNSt7__cxx1112basic_stringIcSt11char_traitsIcESaIcEEEEONSt16remove_referenceIT_E4typeEOS8_
                0x0000000000031716       0x16 libsscma-micro.a(ma_device_sg200x.cpp.o)
                0x0000000000031716                std::remove_reference<std::__cxx11::basic_string<char, std::char_traits<char>, std::allocator<char> >&>::type&& std::move<std::__cxx11::basic_string<char, std::char_traits<char>, std::allocator<char> >&>(std::__cxx11::basic_string<char, std::char_traits<char>, std::allocator<char> >&)
 .text._ZNSt7__cxx1112basic_stringIcSt11char_traitsIcESaIcEEC2ISt17basic_string_viewIcS2_EvEERKT_RKS3_
                0x000000000003172c       0x50 libsscma-micro.a(ma_device_sg200x.cpp.o)
                0x000000000003172c                std::__cxx11::basic_string<char, std::char_traits<char>, std::allocator<char> >::basic_string<std::basic_string_view<char, std::char_traits<char> >, void>(std::basic_string_view<char, std::char_traits<char> > const&, std::allocator<char> const&)
                0x000000000003172c                std::__cxx11::basic_string<char, std::char_traits<char>, std::allocator<char> >::basic_string<std::basic_string_view<char, std::char_traits<char> >, void>(std::basic_string_view<char, std::char_traits<char> > const&, std::allocator<char> const&)
 .text._ZNSt17basic_string_viewIcSt11char_traitsIcEEC2EPKc
                0x000000000003177c       0x3a libsscma-micro.a(ma_device_sg200x.cpp.o)
                0x000000000003177c                std::basic_string_view<char, std::char_traits<char> >::basic_string_view(char const*)
                0x000000000003177c                std::basic_string_view<char, std::char_traits<char> >::basic_string_view(char const*)
 .text._ZNKSt10unique_ptrINSt10filesystem7__cxx114path5_List5_ImplENS3_13_Impl_deleterEE3getEv
                0x00000000000317b6       0x28 libsscma-micro.a(ma_device_sg200x.cpp.o)
                0x00000000000317b6                std::unique_ptr<std::filesystem::__cxx11::path::_List::_Impl, std::filesystem::__cxx11::path::_List::_Impl_deleter>::get() const
 .text._ZNKSt10filesystem7__cxx114path6stringIcSt11char_traitsIcESaIcEEENSt7__cxx1112basic_stringIT_T0_T1_EERKSA_
                0x00000000000317de       0x4c libsscma-micro.a(ma_device_sg200x.cpp.o)
                0x00000000000317de                std::__cxx11::basic_string<char, std::char_traits<char>, std::allocator<char> > std::filesystem::__cxx11::path::string<char, std::char_traits<char>, std::allocator<char> >(std::allocator<char> const&) const
 .text._ZNSt14__shared_countILN9__gnu_cxx12_Lock_policyE1EED2Ev
                0x000000000003182a       0x30 libsscma-micro.a(ma_device_sg200x.cpp.o)
                0x000000000003182a                std::__shared_count<(__gnu_cxx::_Lock_policy)1>::~__shared_count()
                0x000000000003182a                std::__shared_count<(__gnu_cxx::_Lock_policy)1>::~__shared_count()
 .text._ZNKSt12__shared_ptrINSt10filesystem7__cxx114_DirELN9__gnu_cxx12_Lock_policyE1EE12owner_beforeIS2_EEbRKS_IT_LS4_1EE
                0x000000000003185a       0x38 libsscma-micro.a(ma_device_sg200x.cpp.o)
                0x000000000003185a                bool std::__shared_ptr<std::filesystem::__cxx11::_Dir, (__gnu_cxx::_Lock_policy)1>::owner_before<std::filesystem::__cxx11::_Dir>(std::__shared_ptr<std::filesystem::__cxx11::_Dir, (__gnu_cxx::_Lock_policy)1> const&) const
 .text._ZSt3maxImERKT_S2_S2_
                0x0000000000031892       0x30 libsscma-micro.a(ma_device_sg200x.cpp.o)
                0x0000000000031892                unsigned long const& std::max<unsigned long>(unsigned long const&, unsigned long const&)
 .text._ZNSt7__cxx1112basic_stringIcSt11char_traitsIcESaIcEEC2IS3_EEPKcRKS3_
                0x00000000000318c2       0x8e libsscma-micro.a(ma_device_sg200x.cpp.o)
                0x00000000000318c2                std::__cxx11::basic_string<char, std::char_traits<char>, std::allocator<char> >::basic_string<std::allocator<char> >(char const*, std::allocator<char> const&)
                0x00000000000318c2                std::__cxx11::basic_string<char, std::char_traits<char>, std::allocator<char> >::basic_string<std::allocator<char> >(char const*, std::allocator<char> const&)
 .text._ZNSt14__shared_countILN9__gnu_cxx12_Lock_policyE1EEC2ERKS2_
                0x0000000000031950       0x40 libsscma-micro.a(ma_device_sg200x.cpp.o)
                0x0000000000031950                std::__shared_count<(__gnu_cxx::_Lock_policy)1>::__shared_count(std::__shared_count<(__gnu_cxx::_Lock_policy)1> const&)
                0x0000000000031950                std::__shared_count<(__gnu_cxx::_Lock_policy)1>::__shared_count(std::__shared_count<(__gnu_cxx::_Lock_policy)1> const&)
 .text._ZNSt12_Vector_baseIPN2ma9TransportESaIS2_EE12_Vector_implC2Ev
                0x0000000000031990       0x34 libsscma-micro.a(ma_device_sg200x.cpp.o)
                0x0000000000031990                std::_Vector_base<ma::Transport*, std::allocator<ma::Transport*> >::_Vector_impl::_Vector_impl()
                0x0000000000031990                std::_Vector_base<ma::Transport*, std::allocator<ma::Transport*> >::_Vector_impl::_Vector_impl()
 .text._ZNSaIPN2ma9TransportEED2Ev
                0x00000000000319c4       0x24 libsscma-micro.a(ma_device_sg200x.cpp.o)
                0x00000000000319c4                std::allocator<ma::Transport*>::~allocator()
                0x00000000000319c4                std::allocator<ma::Transport*>::~allocator()
 .text._ZNSt12_Vector_baseIPN2ma9TransportESaIS2_EED2Ev
                0x00000000000319e8       0x50 libsscma-micro.a(ma_device_sg200x.cpp.o)
                0x00000000000319e8                std::_Vector_base<ma::Transport*, std::allocator<ma::Transport*> >::~_Vector_base()
                0x00000000000319e8                std::_Vector_base<ma::Transport*, std::allocator<ma::Transport*> >::~_Vector_base()
 .text._ZNSt6vectorIPN2ma9TransportESaIS2_EED2Ev
                0x0000000000031a38       0x5e libsscma-micro.a(ma_device_sg200x.cpp.o)
                0x0000000000031a38                std::vector<ma::Transport*, std::allocator<ma::Transport*> >::~vector()
                0x0000000000031a38                std::vector<ma::Transport*, std::allocator<ma::Transport*> >::~vector()
 .text._ZNSt12_Vector_baseIPN2ma6SensorESaIS2_EE12_Vector_implC2Ev
                0x0000000000031a96       0x34 libsscma-micro.a(ma_device_sg200x.cpp.o)
                0x0000000000031a96                std::_Vector_base<ma::Sensor*, std::allocator<ma::Sensor*> >::_Vector_impl::_Vector_impl()
                0x0000000000031a96                std::_Vector_base<ma::Sensor*, std::allocator<ma::Sensor*> >::_Vector_impl::_Vector_impl()
 .text._ZNSaIPN2ma6SensorEED2Ev
                0x0000000000031aca       0x24 libsscma-micro.a(ma_device_sg200x.cpp.o)
                0x0000000000031aca                std::allocator<ma::Sensor*>::~allocator()
                0x0000000000031aca                std::allocator<ma::Sensor*>::~allocator()
 .text._ZNSt12_Vector_baseIPN2ma6SensorESaIS2_EED2Ev
                0x0000000000031aee       0x50 libsscma-micro.a(ma_device_sg200x.cpp.o)
                0x0000000000031aee                std::_Vector_base<ma::Sensor*, std::allocator<ma::Sensor*> >::~_Vector_base()
                0x0000000000031aee                std::_Vector_base<ma::Sensor*, std::allocator<ma::Sensor*> >::~_Vector_base()
 .text._ZNSt6vectorIPN2ma6SensorESaIS2_EED2Ev
                0x0000000000031b3e       0x5e libsscma-micro.a(ma_device_sg200x.cpp.o)
                0x0000000000031b3e                std::vector<ma::Sensor*, std::allocator<ma::Sensor*> >::~vector()
                0x0000000000031b3e                std::vector<ma::Sensor*, std::allocator<ma::Sensor*> >::~vector()
 .text._ZNSt12_Vector_baseI10ma_model_tSaIS0_EE12_Vector_implC2Ev
                0x0000000000031b9c       0x34 libsscma-micro.a(ma_device_sg200x.cpp.o)
                0x0000000000031b9c                std::_Vector_base<ma_model_t, std::allocator<ma_model_t> >::_Vector_impl::_Vector_impl()
                0x0000000000031b9c                std::_Vector_base<ma_model_t, std::allocator<ma_model_t> >::_Vector_impl::_Vector_impl()
 .text._ZNSaI10ma_model_tED2Ev
                0x0000000000031bd0       0x24 libsscma-micro.a(ma_device_sg200x.cpp.o)
                0x0000000000031bd0                std::allocator<ma_model_t>::~allocator()
                0x0000000000031bd0                std::allocator<ma_model_t>::~allocator()
 .text._ZNSt12_Vector_baseI10ma_model_tSaIS0_EED2Ev
                0x0000000000031bf4       0x50 libsscma-micro.a(ma_device_sg200x.cpp.o)
                0x0000000000031bf4                std::_Vector_base<ma_model_t, std::allocator<ma_model_t> >::~_Vector_base()
                0x0000000000031bf4                std::_Vector_base<ma_model_t, std::allocator<ma_model_t> >::~_Vector_base()
 .text._ZNSt6vectorI10ma_model_tSaIS0_EED2Ev
                0x0000000000031c44       0x5e libsscma-micro.a(ma_device_sg200x.cpp.o)
                0x0000000000031c44                std::vector<ma_model_t, std::allocator<ma_model_t> >::~vector()
                0x0000000000031c44                std::vector<ma_model_t, std::allocator<ma_model_t> >::~vector()
 .text._ZNSt10filesystem7__cxx114pathC2IA18_cS1_EERKT_NS1_6formatE
                0x0000000000031ca2       0xea libsscma-micro.a(ma_device_sg200x.cpp.o)
                0x0000000000031ca2                std::filesystem::__cxx11::path::path<char [18], std::filesystem::__cxx11::path>(char const (&) [18], std::filesystem::__cxx11::path::format)
                0x0000000000031ca2                std::filesystem::__cxx11::path::path<char [18], std::filesystem::__cxx11::path>(char const (&) [18], std::filesystem::__cxx11::path::format)
 .text._ZNSt10filesystem7__cxx114pathC2IA10_cS1_EERKT_NS1_6formatE
                0x0000000000031d8c       0xea libsscma-micro.a(ma_device_sg200x.cpp.o)
                0x0000000000031d8c                std::filesystem::__cxx11::path::path<char [10], std::filesystem::__cxx11::path>(char const (&) [10], std::filesystem::__cxx11::path::format)
                0x0000000000031d8c                std::filesystem::__cxx11::path::path<char [10], std::filesystem::__cxx11::path>(char const (&) [10], std::filesystem::__cxx11::path::format)
 .text._ZNSt6vectorI10ma_model_tSaIS0_EE9push_backERKS0_
                0x0000000000031e76       0x7c libsscma-micro.a(ma_device_sg200x.cpp.o)
                0x0000000000031e76                std::vector<ma_model_t, std::allocator<ma_model_t> >::push_back(ma_model_t const&)
 .text._ZNSt6vectorIPN2ma9TransportESaIS2_EE9push_backEOS2_
                0x0000000000031ef2       0x3a libsscma-micro.a(ma_device_sg200x.cpp.o)
                0x0000000000031ef2                std::vector<ma::Transport*, std::allocator<ma::Transport*> >::push_back(ma::Transport*&&)
 .text._ZNSt6vectorIPN2ma6SensorESaIS2_EE9push_backEOS2_
                0x0000000000031f2c       0x3a libsscma-micro.a(ma_device_sg200x.cpp.o)
                0x0000000000031f2c                std::vector<ma::Sensor*, std::allocator<ma::Sensor*> >::push_back(ma::Sensor*&&)
 .text._ZNSt7__cxx1112basic_stringIcSt11char_traitsIcESaIcEE12_M_constructIPKcEEvT_S8_
                0x0000000000031f66       0x36 libsscma-micro.a(ma_device_sg200x.cpp.o)
                0x0000000000031f66                void std::__cxx11::basic_string<char, std::char_traits<char>, std::allocator<char> >::_M_construct<char const*>(char const*, char const*)
 .text._ZNSt15__uniq_ptr_implINSt10filesystem7__cxx114path5_List5_ImplENS3_13_Impl_deleterEE6_M_ptrEv
                0x0000000000031f9c       0x28 libsscma-micro.a(ma_device_sg200x.cpp.o)
                0x0000000000031f9c                std::__uniq_ptr_impl<std::filesystem::__cxx11::path::_List::_Impl, std::filesystem::__cxx11::path::_List::_Impl_deleter>::_M_ptr()
 .text._ZNSt10unique_ptrINSt10filesystem7__cxx114path5_List5_ImplENS3_13_Impl_deleterEE11get_deleterEv
                0x0000000000031fc4       0x28 libsscma-micro.a(ma_device_sg200x.cpp.o)
                0x0000000000031fc4                std::unique_ptr<std::filesystem::__cxx11::path::_List::_Impl, std::filesystem::__cxx11::path::_List::_Impl_deleter>::get_deleter()
 .text._ZSt4moveIRPNSt10filesystem7__cxx114path5_List5_ImplEEONSt16remove_referenceIT_E4typeEOS8_
                0x0000000000031fec       0x16 libsscma-micro.a(ma_device_sg200x.cpp.o)
                0x0000000000031fec                std::remove_reference<std::filesystem::__cxx11::path::_List::_Impl*&>::type&& std::move<std::filesystem::__cxx11::path::_List::_Impl*&>(std::filesystem::__cxx11::path::_List::_Impl*&)
 .text._ZNKSt15__uniq_ptr_implINSt10filesystem7__cxx114path5_List5_ImplENS3_13_Impl_deleterEE6_M_ptrEv
                0x0000000000032002       0x2a libsscma-micro.a(ma_device_sg200x.cpp.o)
                0x0000000000032002                std::__uniq_ptr_impl<std::filesystem::__cxx11::path::_List::_Impl, std::filesystem::__cxx11::path::_List::_Impl_deleter>::_M_ptr() const
 .text._ZNSt15__uniq_ptr_implINSt10filesystem7__cxx114path5_List5_ImplENS3_13_Impl_deleterEE10_M_deleterEv
                0x000000000003202c       0x28 libsscma-micro.a(ma_device_sg200x.cpp.o)
                0x000000000003202c                std::__uniq_ptr_impl<std::filesystem::__cxx11::path::_List::_Impl, std::filesystem::__cxx11::path::_List::_Impl_deleter>::_M_deleter()
 .text._ZNSt16_Sp_counted_baseILN9__gnu_cxx12_Lock_policyE1EE10_M_releaseEv
                0x0000000000032054      0x132 libsscma-micro.a(ma_device_sg200x.cpp.o)
                0x0000000000032054                std::_Sp_counted_base<(__gnu_cxx::_Lock_policy)1>::_M_release()
 .text._ZNKSt14__shared_countILN9__gnu_cxx12_Lock_policyE1EE7_M_lessERKS2_
                0x0000000000032186       0x3c libsscma-micro.a(ma_device_sg200x.cpp.o)
                0x0000000000032186                std::__shared_count<(__gnu_cxx::_Lock_policy)1>::_M_less(std::__shared_count<(__gnu_cxx::_Lock_policy)1> const&) const
 .text._ZNSt16_Sp_counted_baseILN9__gnu_cxx12_Lock_policyE1EE15_M_add_ref_copyEv
                0x00000000000321c2       0x70 libsscma-micro.a(ma_device_sg200x.cpp.o)
                0x00000000000321c2                std::_Sp_counted_base<(__gnu_cxx::_Lock_policy)1>::_M_add_ref_copy()
 .text._ZNSaIPN2ma9TransportEEC2Ev
                0x0000000000032232       0x24 libsscma-micro.a(ma_device_sg200x.cpp.o)
                0x0000000000032232                std::allocator<ma::Transport*>::allocator()
                0x0000000000032232                std::allocator<ma::Transport*>::allocator()
 .text._ZNSt12_Vector_baseIPN2ma9TransportESaIS2_EE17_Vector_impl_dataC2Ev
                0x0000000000032256       0x2a libsscma-micro.a(ma_device_sg200x.cpp.o)
                0x0000000000032256                std::_Vector_base<ma::Transport*, std::allocator<ma::Transport*> >::_Vector_impl_data::_Vector_impl_data()
                0x0000000000032256                std::_Vector_base<ma::Transport*, std::allocator<ma::Transport*> >::_Vector_impl_data::_Vector_impl_data()
 .text._ZN9__gnu_cxx13new_allocatorIPN2ma9TransportEED2Ev
                0x0000000000032280       0x12 libsscma-micro.a(ma_device_sg200x.cpp.o)
                0x0000000000032280                __gnu_cxx::new_allocator<ma::Transport*>::~new_allocator()
                0x0000000000032280                __gnu_cxx::new_allocator<ma::Transport*>::~new_allocator()
 .text._ZNSt12_Vector_baseIPN2ma9TransportESaIS2_EE13_M_deallocateEPS2_m
                0x0000000000032292       0x3c libsscma-micro.a(ma_device_sg200x.cpp.o)
                0x0000000000032292                std::_Vector_base<ma::Transport*, std::allocator<ma::Transport*> >::_M_deallocate(ma::Transport**, unsigned long)
 .text._ZNSt12_Vector_baseIPN2ma9TransportESaIS2_EE19_M_get_Tp_allocatorEv
                0x00000000000322ce       0x16 libsscma-micro.a(ma_device_sg200x.cpp.o)
                0x00000000000322ce                std::_Vector_base<ma::Transport*, std::allocator<ma::Transport*> >::_M_get_Tp_allocator()
 .text._ZSt8_DestroyIPPN2ma9TransportES2_EvT_S4_RSaIT0_E
                0x00000000000322e4       0x30 libsscma-micro.a(ma_device_sg200x.cpp.o)
                0x00000000000322e4                void std::_Destroy<ma::Transport**, ma::Transport*>(ma::Transport**, ma::Transport**, std::allocator<ma::Transport*>&)
 .text._ZNSaIPN2ma6SensorEEC2Ev
                0x0000000000032314       0x24 libsscma-micro.a(ma_device_sg200x.cpp.o)
                0x0000000000032314                std::allocator<ma::Sensor*>::allocator()
                0x0000000000032314                std::allocator<ma::Sensor*>::allocator()
 .text._ZNSt12_Vector_baseIPN2ma6SensorESaIS2_EE17_Vector_impl_dataC2Ev
                0x0000000000032338       0x2a libsscma-micro.a(ma_device_sg200x.cpp.o)
                0x0000000000032338                std::_Vector_base<ma::Sensor*, std::allocator<ma::Sensor*> >::_Vector_impl_data::_Vector_impl_data()
                0x0000000000032338                std::_Vector_base<ma::Sensor*, std::allocator<ma::Sensor*> >::_Vector_impl_data::_Vector_impl_data()
 .text._ZN9__gnu_cxx13new_allocatorIPN2ma6SensorEED2Ev
                0x0000000000032362       0x12 libsscma-micro.a(ma_device_sg200x.cpp.o)
                0x0000000000032362                __gnu_cxx::new_allocator<ma::Sensor*>::~new_allocator()
                0x0000000000032362                __gnu_cxx::new_allocator<ma::Sensor*>::~new_allocator()
 .text._ZNSt12_Vector_baseIPN2ma6SensorESaIS2_EE13_M_deallocateEPS2_m
                0x0000000000032374       0x3c libsscma-micro.a(ma_device_sg200x.cpp.o)